<html>
<body>
<pre>
<h1>µVision Build Log</h1>
<h2>Tool Versions:</h2>
IDE-Version: ¦ÌVision V5.39.0.0
Copyright (C) 2023 ARM Ltd and ARM Germany GmbH. All rights reserved.
License Information: 1 1439290670@qq.com, 1, LIC=585FJ-U2DX8-BSPYX-H8WIQ-HXERH-8YU8Z
 
Tool Versions:
Toolchain:       MDK-ARM Plus  Version: 5.39.0.0
Toolchain Path:  E:\Keil_v5\ARM\ARMCC\Bin
C Compiler:      Armcc.exe V5.06 update 3 (build 300)
Assembler:       Armasm.exe V5.06 update 3 (build 300)
Linker/Locator:  ArmLink.exe V5.06 update 3 (build 300)
Library Manager: ArmAr.exe V5.06 update 3 (build 300)
Hex Converter:   FromElf.exe V5.06 update 3 (build 300)
CPU DLL:         SARMCM3.DLL V5.39.0.0
Dialog DLL:      DCM.DLL V1.17.5.0
Target DLL:      CMSIS_AGDI.dll V1.33.16.0
Dialog DLL:      TCM.DLL V1.56.4.0
 
<h2>Project:</h2>
F:\Workplace\Keil\STM32F103C8T6\STM32_F1_RFID_RC522\MDK-ARM\STM32_F1_RFID_RC522.uvprojx
Project File Date:  07/19/2024

<h2>Output:</h2>
*** Using Compiler 'V5.06 update 3 (build 300)', folder: 'E:\Keil_v5\ARM\ARMCC\Bin'
Build target 'STM32_F1_RFID_RC522'
compiling main.c...
../Core/Src/main.c(101): warning:  #223-D: function "USBD_LL_RemoteWakeup" declared implicitly
              USBD_LL_RemoteWakeup(&hUsbDeviceFS);
../Core/Src/main.c: 1 warning, 0 errors
linking...
Program Size: Code=21796 RO-data=312 RW-data=420 ZI-data=3292  
FromELF: creating hex file...
"STM32_F1_RFID_RC522\STM32_F1_RFID_RC522.axf" - 0 Error(s), 1 Warning(s).

<h2>Software Packages used:</h2>

Package Vendor: ARM
                http://www.keil.com/pack/ARM.CMSIS.5.9.0.pack
                ARM::CMSIS@5.9.0
                CMSIS (Common Microcontroller Software Interface Standard)
   * Component: CORE Version: 5.6.0

Package Vendor: Keil
                http://www.keil.com/pack/Keil.STM32F1xx_DFP.2.3.0.pack
                Keil::STM32F1xx_DFP@2.3.0
                STMicroelectronics STM32F1 Series Device Support, Drivers and Examples

<h2>Collection of Component include folders:</h2>
  ./RTE/_STM32_F1_RFID_RC522
  E:/Keil_v5/ARM/Pack/ARM/CMSIS/5.9.0/CMSIS/Core/Include
  E:/Keil_v5/ARM/Pack/Keil/STM32F1xx_DFP/2.3.0/Device/Include

<h2>Collection of Component Files used:</h2>

   * Component: ARM::CMSIS:CORE@5.6.0
      Include file:  CMSIS/Core/Include/tz_context.h
Build Time Elapsed:  00:00:02
</pre>
</body>
</html>
