Component: ARM Compiler 5.06 update 3 (build 300) Tool: armlink [4d35c9]

==============================================================================

Section Cross References

    startup_stm32f103xb.o(RESET) refers to startup_stm32f103xb.o(STACK) for __initial_sp
    startup_stm32f103xb.o(RESET) refers to startup_stm32f103xb.o(.text) for Reset_Handler
    startup_stm32f103xb.o(RESET) refers to stm32f1xx_it.o(i.NMI_Handler) for NMI_Handler
    startup_stm32f103xb.o(RESET) refers to stm32f1xx_it.o(i.HardFault_Handler) for HardFault_Handler
    startup_stm32f103xb.o(RESET) refers to stm32f1xx_it.o(i.MemManage_Handler) for MemManage_Handler
    startup_stm32f103xb.o(RESET) refers to stm32f1xx_it.o(i.BusFault_Handler) for BusFault_Handler
    startup_stm32f103xb.o(RESET) refers to stm32f1xx_it.o(i.UsageFault_Handler) for UsageFault_Handler
    startup_stm32f103xb.o(RESET) refers to stm32f1xx_it.o(i.SVC_Handler) for SVC_Handler
    startup_stm32f103xb.o(RESET) refers to stm32f1xx_it.o(i.DebugMon_Handler) for DebugMon_Handler
    startup_stm32f103xb.o(RESET) refers to stm32f1xx_it.o(i.PendSV_Handler) for PendSV_Handler
    startup_stm32f103xb.o(RESET) refers to stm32f1xx_it.o(i.SysTick_Handler) for SysTick_Handler
    startup_stm32f103xb.o(RESET) refers to stm32f1xx_it.o(i.USB_HP_CAN1_TX_IRQHandler) for USB_HP_CAN1_TX_IRQHandler
    startup_stm32f103xb.o(RESET) refers to stm32f1xx_it.o(i.USB_LP_CAN1_RX0_IRQHandler) for USB_LP_CAN1_RX0_IRQHandler
    startup_stm32f103xb.o(RESET) refers to stm32f1xx_it.o(i.TIM4_IRQHandler) for TIM4_IRQHandler
    startup_stm32f103xb.o(.text) refers to system_stm32f1xx.o(i.SystemInit) for SystemInit
    startup_stm32f103xb.o(.text) refers to entry.o(.ARM.Collect$$$$00000000) for __main
    rc522.o(i.ClearBitMask) refers to rc522.o(i.ReadRawRC) for ReadRawRC
    rc522.o(i.ClearBitMask) refers to rc522.o(i.WriteRawRC) for WriteRawRC
    rc522.o(i.MF522PcdConfigISOType) refers to rc522.o(i.ClearBitMask) for ClearBitMask
    rc522.o(i.MF522PcdConfigISOType) refers to rc522.o(i.WriteRawRC) for WriteRawRC
    rc522.o(i.MF522PcdConfigISOType) refers to rc522.o(i.delay_ns) for delay_ns
    rc522.o(i.MF522PcdConfigISOType) refers to rc522.o(i.PcdAntennaOn) for PcdAntennaOn
    rc522.o(i.PcdAntennaOff) refers to rc522.o(i.ClearBitMask) for ClearBitMask
    rc522.o(i.PcdAntennaOn) refers to rc522.o(i.WriteRawRC) for WriteRawRC
    rc522.o(i.PcdAntennaOn) refers to stm32f1xx_hal.o(i.HAL_Delay) for HAL_Delay
    rc522.o(i.PcdAntennaOn) refers to rc522.o(i.ReadRawRC) for ReadRawRC
    rc522.o(i.PcdAntennaOn) refers to rc522.o(i.SetBitMask) for SetBitMask
    rc522.o(i.PcdAnticoll) refers to rc522.o(i.ClearBitMask) for ClearBitMask
    rc522.o(i.PcdAnticoll) refers to rc522.o(i.WriteRawRC) for WriteRawRC
    rc522.o(i.PcdAnticoll) refers to rc522.o(i.PcdComMF522) for PcdComMF522
    rc522.o(i.PcdAnticoll) refers to rc522.o(i.SetBitMask) for SetBitMask
    rc522.o(i.PcdComMF522) refers to rc522.o(i.WriteRawRC) for WriteRawRC
    rc522.o(i.PcdComMF522) refers to rc522.o(i.ClearBitMask) for ClearBitMask
    rc522.o(i.PcdComMF522) refers to rc522.o(i.SetBitMask) for SetBitMask
    rc522.o(i.PcdComMF522) refers to rc522.o(i.ReadRawRC) for ReadRawRC
    rc522.o(i.PcdRequest) refers to rc522.o(i.ClearBitMask) for ClearBitMask
    rc522.o(i.PcdRequest) refers to rc522.o(i.WriteRawRC) for WriteRawRC
    rc522.o(i.PcdRequest) refers to rc522.o(i.SetBitMask) for SetBitMask
    rc522.o(i.PcdRequest) refers to rc522.o(i.PcdComMF522) for PcdComMF522
    rc522.o(i.PcdReset) refers to stm32f1xx_hal_gpio.o(i.HAL_GPIO_WritePin) for HAL_GPIO_WritePin
    rc522.o(i.PcdReset) refers to rc522.o(i.delay_ns) for delay_ns
    rc522.o(i.PcdReset) refers to rc522.o(i.WriteRawRC) for WriteRawRC
    rc522.o(i.RC522_Init) refers to stm32f1xx_hal_gpio.o(i.HAL_GPIO_WritePin) for HAL_GPIO_WritePin
    rc522.o(i.RC522_Init) refers to stm32f1xx_hal_spi.o(i.HAL_SPI_Transmit) for HAL_SPI_Transmit
    rc522.o(i.RC522_Init) refers to stm32f1xx_hal.o(i.HAL_Delay) for HAL_Delay
    rc522.o(i.RC522_Init) refers to rc522.o(i.PcdReset) for PcdReset
    rc522.o(i.RC522_Init) refers to rc522.o(i.PcdAntennaOff) for PcdAntennaOff
    rc522.o(i.RC522_Init) refers to rc522.o(i.PcdAntennaOn) for PcdAntennaOn
    rc522.o(i.RC522_Init) refers to printfa.o(i.__0printf) for __2printf
    rc522.o(i.RC522_Init) refers to spi.o(.bss) for hspi2
    rc522.o(i.ReadRawRC) refers to stm32f1xx_hal_gpio.o(i.HAL_GPIO_WritePin) for HAL_GPIO_WritePin
    rc522.o(i.ReadRawRC) refers to stm32f1xx_hal.o(i.HAL_Delay) for HAL_Delay
    rc522.o(i.ReadRawRC) refers to rc522.o(i.RC522_ReadWriteByte) for RC522_ReadWriteByte
    rc522.o(i.ReaderCard) refers to rc522.o(i.PcdRequest) for PcdRequest
    rc522.o(i.ReaderCard) refers to printfa.o(i.__0printf) for __2printf
    rc522.o(i.ReaderCard) refers to rc522.o(i.PcdAnticoll) for PcdAnticoll
    rc522.o(i.ReaderCard) refers to stm32f1xx_hal.o(i.HAL_Delay) for HAL_Delay
[...]
    i.HAL_TIM_IRQHandler                     0x08002114   Section        0  stm32f1xx_hal_tim.o(i.HAL_TIM_IRQHandler)
    i.HAL_TIM_OC_DelayElapsedCallback        0x0800227a   Section        0  stm32f1xx_hal_tim.o(i.HAL_TIM_OC_DelayElapsedCallback)
    i.HAL_TIM_PWM_PulseFinishedCallback      0x0800227c   Section        0  stm32f1xx_hal_tim.o(i.HAL_TIM_PWM_PulseFinishedCallback)
    i.HAL_TIM_PeriodElapsedCallback          0x0800227e   Section        0  main.o(i.HAL_TIM_PeriodElapsedCallback)
    i.HAL_TIM_ReadCapturedValue              0x08002282   Section        0  stm32f1xx_hal_tim.o(i.HAL_TIM_ReadCapturedValue)
    i.HAL_TIM_TriggerCallback                0x080022ac   Section        0  stm32f1xx_hal_tim.o(i.HAL_TIM_TriggerCallback)
    i.HAL_UART_Init                          0x080022ae   Section        0  stm32f1xx_hal_uart.o(i.HAL_UART_Init)
    i.HAL_UART_MspInit                       0x08002314   Section        0  usart.o(i.HAL_UART_MspInit)
    i.HAL_UART_Transmit                      0x08002384   Section        0  stm32f1xx_hal_uart.o(i.HAL_UART_Transmit)
    i.HardFault_Handler                      0x0800241e   Section        0  stm32f1xx_it.o(i.HardFault_Handler)
    i.Hcsr04Init                             0x08002420   Section        0  hc-sr04.o(i.Hcsr04Init)
    i.Hcsr04Read                             0x08002470   Section        0  hc-sr04.o(i.Hcsr04Read)
    i.Hcsr04Start                            0x08002488   Section        0  hc-sr04.o(i.Hcsr04Start)
    i.Hcsr04TimIcIsr                         0x080024b0   Section        0  hc-sr04.o(i.Hcsr04TimIcIsr)
    i.Hcsr04TimOverflowIsr                   0x080025d4   Section        0  hc-sr04.o(i.Hcsr04TimOverflowIsr)
    i.IntToUnicode                           0x080025ec   Section        0  usbd_desc.o(i.IntToUnicode)
    IntToUnicode                             0x080025ed   Thumb Code    56  usbd_desc.o(i.IntToUnicode)
    i.MX_GPIO_Init                           0x08002624   Section        0  gpio.o(i.MX_GPIO_Init)
    i.MX_SPI2_Init                           0x080026d8   Section        0  spi.o(i.MX_SPI2_Init)
    i.MX_TIM4_Init                           0x0800271c   Section        0  tim.o(i.MX_TIM4_Init)
    i.MX_USART1_UART_Init                    0x08002788   Section        0  usart.o(i.MX_USART1_UART_Init)
    i.MX_USB_DEVICE_Init                     0x080027c0   Section        0  usb_device.o(i.MX_USB_DEVICE_Init)
    i.MemManage_Handler                      0x08002800   Section        0  stm32f1xx_it.o(i.MemManage_Handler)
    i.NMI_Handler                            0x08002802   Section        0  stm32f1xx_it.o(i.NMI_Handler)
    i.PCD_EP_ISR_Handler                     0x08002804   Section        0  stm32f1xx_hal_pcd.o(i.PCD_EP_ISR_Handler)
    PCD_EP_ISR_Handler                       0x08002805   Thumb Code   940  stm32f1xx_hal_pcd.o(i.PCD_EP_ISR_Handler)
    i.PcdAntennaOff                          0x08002bb0   Section        0  rc522.o(i.PcdAntennaOff)
    i.PcdAntennaOn                           0x08002bb8   Section        0  rc522.o(i.PcdAntennaOn)
    i.PcdAnticoll                            0x08002be4   Section        0  rc522.o(i.PcdAnticoll)
    i.PcdComMF522                            0x08002c4e   Section        0  rc522.o(i.PcdComMF522)
    i.PcdRequest                             0x08002d64   Section        0  rc522.o(i.PcdRequest)
    i.PcdReset                               0x08002db4   Section        0  rc522.o(i.PcdReset)
    i.PendSV_Handler                         0x08002e30   Section        0  stm32f1xx_it.o(i.PendSV_Handler)
    i.RC522_Init                             0x08002e34   Section        0  rc522.o(i.RC522_Init)
    i.RC522_ReadWriteByte                    0x08002ecc   Section        0  rc522.o(i.RC522_ReadWriteByte)
    i.ReadRawRC                              0x08002ef0   Section        0  rc522.o(i.ReadRawRC)
    i.ReaderCard                             0x08002f40   Section        0  rc522.o(i.ReaderCard)
    i.SPI_EndRxTxTransaction                 0x080030d8   Section        0  stm32f1xx_hal_spi.o(i.SPI_EndRxTxTransaction)
    SPI_EndRxTxTransaction                   0x080030d9   Thumb Code    32  stm32f1xx_hal_spi.o(i.SPI_EndRxTxTransaction)
    i.SPI_WaitFlagStateUntilTimeout          0x080030f8   Section        0  stm32f1xx_hal_spi.o(i.SPI_WaitFlagStateUntilTimeout)
    SPI_WaitFlagStateUntilTimeout            0x080030f9   Thumb Code   180  stm32f1xx_hal_spi.o(i.SPI_WaitFlagStateUntilTimeout)
    i.SVC_Handler                            0x080031b0   Section        0  stm32f1xx_it.o(i.SVC_Handler)
    i.SendHIDReport                          0x080031b4   Section        0  main.o(i.SendHIDReport)
    i.SendMultipleKeys                       0x080031f8   Section        0  main.o(i.SendMultipleKeys)
    i.SetBitMask                             0x08003234   Section        0  rc522.o(i.SetBitMask)
    i.SysTick_Handler                        0x0800324e   Section        0  stm32f1xx_it.o(i.SysTick_Handler)
    i.SystemClock_Config                     0x08003252   Section        0  main.o(i.SystemClock_Config)
    i.SystemInit                             0x080032c8   Section        0  system_stm32f1xx.o(i.SystemInit)
    i.TIM4_IRQHandler                        0x080032cc   Section        0  stm32f1xx_it.o(i.TIM4_IRQHandler)
    i.TIM_Base_SetConfig                     0x080032d8   Section        0  stm32f1xx_hal_tim.o(i.TIM_Base_SetConfig)
    i.TIM_CCxChannelCmd                      0x08003344   Section        0  stm32f1xx_hal_tim.o(i.TIM_CCxChannelCmd)
    i.TIM_TI1_SetConfig                      0x08003360   Section        0  stm32f1xx_hal_tim.o(i.TIM_TI1_SetConfig)
    i.TIM_TI2_SetConfig                      0x080033b8   Section        0  stm32f1xx_hal_tim.o(i.TIM_TI2_SetConfig)
    TIM_TI2_SetConfig                        0x080033b9   Thumb Code    54  stm32f1xx_hal_tim.o(i.TIM_TI2_SetConfig)
    i.UART_SetConfig                         0x080033f0   Section        0  stm32f1xx_hal_uart.o(i.UART_SetConfig)
    UART_SetConfig                           0x080033f1   Thumb Code   178  stm32f1xx_hal_uart.o(i.UART_SetConfig)
    i.UART_WaitOnFlagUntilTimeout            0x080034a8   Section        0  stm32f1xx_hal_uart.o(i.UART_WaitOnFlagUntilTimeout)
    UART_WaitOnFlagUntilTimeout              0x080034a9   Thumb Code   120  stm32f1xx_hal_uart.o(i.UART_WaitOnFlagUntilTimeout)
    i.USBD_ClrClassConfig                    0x08003520   Section        0  usbd_core.o(i.USBD_ClrClassConfig)
    i.USBD_CtlContinueRx                     0x0800352e   Section        0  usbd_ioreq.o(i.USBD_CtlContinueRx)
    i.USBD_CtlContinueSendData               0x0800353e   Section        0  usbd_ioreq.o(i.USBD_CtlContinueSendData)
    i.USBD_CtlError                          0x0800354e   Section        0  usbd_ctlreq.o(i.USBD_CtlError)
    i.USBD_CtlReceiveStatus                  0x08003564   Section        0  usbd_ioreq.o(i.USBD_CtlReceiveStatus)
    i.USBD_CtlSendData                       0x0800357a   Section        0  usbd_ioreq.o(i.USBD_CtlSendData)
    i.USBD_CtlSendStatus                     0x08003594   Section        0  usbd_ioreq.o(i.USBD_CtlSendStatus)
    i.USBD_FS_ConfigStrDescriptor            0x080035ac   Section        0  usbd_desc.o(i.USBD_FS_ConfigStrDescriptor)
    i.USBD_FS_DeviceDescriptor               0x080035cc   Section        0  usbd_desc.o(i.USBD_FS_DeviceDescriptor)
    i.USBD_FS_InterfaceStrDescriptor         0x080035d8   Section        0  usbd_desc.o(i.USBD_FS_InterfaceStrDescriptor)
    i.USBD_FS_LangIDStrDescriptor            0x080035fc   Section        0  usbd_desc.o(i.USBD_FS_LangIDStrDescriptor)
    i.USBD_FS_ManufacturerStrDescriptor      0x08003608   Section        0  usbd_desc.o(i.USBD_FS_ManufacturerStrDescriptor)
    i.USBD_FS_ProductStrDescriptor           0x08003630   Section        0  usbd_desc.o(i.USBD_FS_ProductStrDescriptor)
    i.USBD_FS_SerialStrDescriptor            0x0800365c   Section        0  usbd_desc.o(i.USBD_FS_SerialStrDescriptor)
    i.USBD_GetDescriptor                     0x08003684   Section        0  usbd_ctlreq.o(i.USBD_GetDescriptor)
    USBD_GetDescriptor                       0x08003685   Thumb Code   232  usbd_ctlreq.o(i.USBD_GetDescriptor)
    i.USBD_GetString                         0x0800376c   Section        0  usbd_ctlreq.o(i.USBD_GetString)
    i.USBD_Get_USB_Status                    0x080037b4   Section        0  usbd_conf.o(i.USBD_Get_USB_Status)
    USBD_Get_USB_Status                      0x080037b5   Thumb Code    24  usbd_conf.o(i.USBD_Get_USB_Status)
    i.USBD_HID_DataIn                        0x080037cc   Section        0  usbd_hid.o(i.USBD_HID_DataIn)
    USBD_HID_DataIn                          0x080037cd   Thumb Code    12  usbd_hid.o(i.USBD_HID_DataIn)
    i.USBD_HID_DeInit                        0x080037d8   Section        0  usbd_hid.o(i.USBD_HID_DeInit)
    USBD_HID_DeInit                          0x080037d9   Thumb Code    32  usbd_hid.o(i.USBD_HID_DeInit)
    i.USBD_HID_GetDeviceQualifierDesc        0x080037f8   Section        0  usbd_hid.o(i.USBD_HID_GetDeviceQualifierDesc)
    USBD_HID_GetDeviceQualifierDesc          0x080037f9   Thumb Code     8  usbd_hid.o(i.USBD_HID_GetDeviceQualifierDesc)
    i.USBD_HID_GetFSCfgDesc                  0x08003804   Section        0  usbd_hid.o(i.USBD_HID_GetFSCfgDesc)
    USBD_HID_GetFSCfgDesc                    0x08003805   Thumb Code     8  usbd_hid.o(i.USBD_HID_GetFSCfgDesc)
    i.USBD_HID_GetHSCfgDesc                  0x08003810   Section        0  usbd_hid.o(i.USBD_HID_GetHSCfgDesc)
    USBD_HID_GetHSCfgDesc                    0x08003811   Thumb Code     8  usbd_hid.o(i.USBD_HID_GetHSCfgDesc)
    i.USBD_HID_GetOtherSpeedCfgDesc          0x0800381c   Section        0  usbd_hid.o(i.USBD_HID_GetOtherSpeedCfgDesc)
    USBD_HID_GetOtherSpeedCfgDesc            0x0800381d   Thumb Code     8  usbd_hid.o(i.USBD_HID_GetOtherSpeedCfgDesc)
    i.USBD_HID_Init                          0x08003828   Section        0  usbd_hid.o(i.USBD_HID_Init)
    USBD_HID_Init                            0x08003829   Thumb Code    42  usbd_hid.o(i.USBD_HID_Init)
    i.USBD_HID_SendReport                    0x08003852   Section        0  usbd_hid.o(i.USBD_HID_SendReport)
    i.USBD_HID_Setup                         0x08003878   Section        0  usbd_hid.o(i.USBD_HID_Setup)
    USBD_HID_Setup                           0x08003879   Thumb Code   196  usbd_hid.o(i.USBD_HID_Setup)
    i.USBD_Init                              0x08003940   Section        0  usbd_core.o(i.USBD_Init)
    i.USBD_LL_ClearStallEP                   0x0800396a   Section        0  usbd_conf.o(i.USBD_LL_ClearStallEP)
    i.USBD_LL_CloseEP                        0x0800397c   Section        0  usbd_conf.o(i.USBD_LL_CloseEP)
    i.USBD_LL_DataInStage                    0x0800398e   Section        0  usbd_core.o(i.USBD_LL_DataInStage)
    i.USBD_LL_DataOutStage                   0x08003a54   Section        0  usbd_core.o(i.USBD_LL_DataOutStage)
    i.USBD_LL_Init                           0x08003ad8   Section        0  usbd_conf.o(i.USBD_LL_Init)
    i.USBD_LL_IsStallEP                      0x08003b40   Section        0  usbd_conf.o(i.USBD_LL_IsStallEP)
    i.USBD_LL_OpenEP                         0x08003b60   Section        0  usbd_conf.o(i.USBD_LL_OpenEP)
    i.USBD_LL_PrepareReceive                 0x08003b78   Section        0  usbd_conf.o(i.USBD_LL_PrepareReceive)
    i.USBD_LL_RemoteWakeup                   0x08003b8a   Section        0  usbd_conf.o(i.USBD_LL_RemoteWakeup)
    i.USBD_LL_Reset                          0x08003bb2   Section        0  usbd_core.o(i.USBD_LL_Reset)
    i.USBD_LL_Resume                         0x08003c02   Section        0  usbd_core.o(i.USBD_LL_Resume)
    i.USBD_LL_SOF                            0x08003c16   Section        0  usbd_core.o(i.USBD_LL_SOF)
    i.USBD_LL_SetSpeed                       0x08003c2e   Section        0  usbd_core.o(i.USBD_LL_SetSpeed)
    i.USBD_LL_SetUSBAddress                  0x08003c34   Section        0  usbd_conf.o(i.USBD_LL_SetUSBAddress)
    i.USBD_LL_SetupStage                     0x08003c46   Section        0  usbd_core.o(i.USBD_LL_SetupStage)
    i.USBD_LL_StallEP                        0x08003ca0   Section        0  usbd_conf.o(i.USBD_LL_StallEP)
    i.USBD_LL_Start                          0x08003cb2   Section        0  usbd_conf.o(i.USBD_LL_Start)
    i.USBD_LL_Suspend                        0x08003cc4   Section        0  usbd_core.o(i.USBD_LL_Suspend)
    i.USBD_LL_Transmit                       0x08003cd6   Section        0  usbd_conf.o(i.USBD_LL_Transmit)
    i.USBD_ParseSetupRequest                 0x08003ce8   Section        0  usbd_ctlreq.o(i.USBD_ParseSetupRequest)
    i.USBD_RegisterClass                     0x08003d10   Section        0  usbd_core.o(i.USBD_RegisterClass)
    i.USBD_SetClassConfig                    0x08003d20   Section        0  usbd_core.o(i.USBD_SetClassConfig)
    i.USBD_SetConfig                         0x08003d38   Section        0  usbd_ctlreq.o(i.USBD_SetConfig)
    USBD_SetConfig                           0x08003d39   Thumb Code   128  usbd_ctlreq.o(i.USBD_SetConfig)
    i.USBD_Start                             0x08003dbc   Section        0  usbd_core.o(i.USBD_Start)
    i.USBD_StdDevReq                         0x08003dc6   Section        0  usbd_ctlreq.o(i.USBD_StdDevReq)
    i.USBD_StdEPReq                          0x08003ed8   Section        0  usbd_ctlreq.o(i.USBD_StdEPReq)
    i.USBD_StdItfReq                         0x08004028   Section        0  usbd_ctlreq.o(i.USBD_StdItfReq)
    i.USBD_static_free                       0x08004076   Section        0  usbd_conf.o(i.USBD_static_free)
    i.USBD_static_malloc                     0x08004078   Section        0  usbd_conf.o(i.USBD_static_malloc)
    i.USB_ActivateEndpoint                   0x08004080   Section        0  stm32f1xx_ll_usb.o(i.USB_ActivateEndpoint)
    i.USB_ActivateRemoteWakeup               0x0800431c   Section        0  stm32f1xx_ll_usb.o(i.USB_ActivateRemoteWakeup)
    i.USB_CoreInit                           0x0800432a   Section        0  stm32f1xx_ll_usb.o(i.USB_CoreInit)
    i.USB_DeActivateRemoteWakeup             0x0800432e   Section        0  stm32f1xx_ll_usb.o(i.USB_DeActivateRemoteWakeup)
    i.USB_DeactivateEndpoint                 0x0800433c   Section        0  stm32f1xx_ll_usb.o(i.USB_DeactivateEndpoint)
    i.USB_DevConnect                         0x0800444a   Section        0  stm32f1xx_ll_usb.o(i.USB_DevConnect)
    i.USB_DevDisconnect                      0x0800444e   Section        0  stm32f1xx_ll_usb.o(i.USB_DevDisconnect)
    i.USB_DevInit                            0x08004452   Section        0  stm32f1xx_ll_usb.o(i.USB_DevInit)
    i.USB_DisableGlobalInt                   0x08004464   Section        0  stm32f1xx_ll_usb.o(i.USB_DisableGlobalInt)
    i.USB_EP0_OutStart                       0x08004472   Section        0  stm32f1xx_ll_usb.o(i.USB_EP0_OutStart)
    i.USB_EPClearStall                       0x08004476   Section        0  stm32f1xx_ll_usb.o(i.USB_EPClearStall)
    i.USB_EPSetStall                         0x080044ee   Section        0  stm32f1xx_ll_usb.o(i.USB_EPSetStall)
    i.USB_EPStartXfer                        0x08004520   Section        0  stm32f1xx_ll_usb.o(i.USB_EPStartXfer)
    i.USB_EnableGlobalInt                    0x08004a02   Section        0  stm32f1xx_ll_usb.o(i.USB_EnableGlobalInt)
    i.USB_HP_CAN1_TX_IRQHandler              0x08004a14   Section        0  stm32f1xx_it.o(i.USB_HP_CAN1_TX_IRQHandler)
    i.USB_LP_CAN1_RX0_IRQHandler             0x08004a20   Section        0  stm32f1xx_it.o(i.USB_LP_CAN1_RX0_IRQHandler)
    i.USB_ReadInterrupts                     0x08004a2c   Section        0  stm32f1xx_ll_usb.o(i.USB_ReadInterrupts)
    i.USB_ReadPMA                            0x08004a34   Section        0  stm32f1xx_ll_usb.o(i.USB_ReadPMA)
    i.USB_SetCurrentMode                     0x08004a60   Section        0  stm32f1xx_ll_usb.o(i.USB_SetCurrentMode)
    i.USB_SetDevAddress                      0x08004a64   Section        0  stm32f1xx_ll_usb.o(i.USB_SetDevAddress)
    i.USB_WritePMA                           0x08004a70   Section        0  stm32f1xx_ll_usb.o(i.USB_WritePMA)
    i.UsageFault_Handler                     0x08004a96   Section        0  stm32f1xx_it.o(i.UsageFault_Handler)
    i.WakeUP                                 0x08004a98   Section        0  main.o(i.WakeUP)
    i.WriteRawRC                             0x08004ae4   Section        0  rc522.o(i.WriteRawRC)
    i.__0printf                              0x08004b30   Section        0  printfa.o(i.__0printf)
    i.__NVIC_SetPriority                     0x08004b50   Section        0  stm32f1xx_hal_cortex.o(i.__NVIC_SetPriority)
    __NVIC_SetPriority                       0x08004b51   Thumb Code    32  stm32f1xx_hal_cortex.o(i.__NVIC_SetPriority)
    i.__scatterload_copy                     0x08004b70   Section       14  handlers.o(i.__scatterload_copy)
    i.__scatterload_null                     0x08004b7e   Section        2  handlers.o(i.__scatterload_null)
    i.__scatterload_zeroinit                 0x08004b80   Section       14  handlers.o(i.__scatterload_zeroinit)
    i._fp_digits                             0x08004b90   Section        0  printfa.o(i._fp_digits)
    _fp_digits                               0x08004b91   Thumb Code   366  printfa.o(i._fp_digits)
    i._printf_core                           0x08004d14   Section        0  printfa.o(i._printf_core)
    _printf_core                             0x08004d15   Thumb Code  1744  printfa.o(i._printf_core)
    i._printf_post_padding                   0x080053f0   Section        0  printfa.o(i._printf_post_padding)
    _printf_post_padding                     0x080053f1   Thumb Code    36  printfa.o(i._printf_post_padding)
    i._printf_pre_padding                    0x08005414   Section        0  printfa.o(i._printf_pre_padding)
    _printf_pre_padding                      0x08005415   Thumb Code    46  printfa.o(i._printf_pre_padding)
    i.delay_ns                               0x08005442   Section        0  rc522.o(i.delay_ns)
    i.fputc                                  0x08005454   Section        0  usart.o(i.fputc)
    i.lock                                   0x0800546c   Section        0  main.o(i.lock)
    i.main                                   0x08005474   Section        0  main.o(i.main)
    i.password                               0x080055d0   Section        0  main.o(i.password)
    .constdata                               0x08005610   Section       18  stm32f1xx_hal_rcc.o(.constdata)
    aPredivFactorTable                       0x08005610   Data           2  stm32f1xx_hal_rcc.o(.constdata)
    aPLLMULFactorTable                       0x08005612   Data          16  stm32f1xx_hal_rcc.o(.constdata)
    .constdata                               0x08005622   Section       16  system_stm32f1xx.o(.constdata)
    .constdata                               0x08005632   Section        8  system_stm32f1xx.o(.constdata)
    .data                                    0x20000000   Section       13  rc522.o(.data)
    .data                                    0x20000010   Section       28  main.o(.data)
    .data                                    0x2000002c   Section       12  stm32f1xx_hal.o(.data)
    .data                                    0x20000038   Section        4  system_stm32f1xx.o(.data)
    .data                                    0x2000003c   Section       28  usbd_desc.o(.data)
    .data                                    0x20000058   Section       50  usbd_desc.o(.data)
    .data                                    0x2000008a   Section        1  usbd_ctlreq.o(.data)
    cfgidx                                   0x2000008a   Data           1  usbd_ctlreq.o(.data)
    .data                                    0x2000008c   Section       56  usbd_hid.o(.data)
    .data                                    0x200000c4   Section      219  usbd_hid.o(.data)
    USBD_HID_CfgFSDesc                       0x200000c4   Data          41  usbd_hid.o(.data)
    USBD_HID_CfgHSDesc                       0x200000f0   Data          41  usbd_hid.o(.data)
    USBD_HID_OtherSpeedCfgDesc               0x2000011c   Data          41  usbd_hid.o(.data)
    USBD_HID_Desc                            0x20000148   Data           9  usbd_hid.o(.data)
    USBD_HID_DeviceQualifierDesc             0x20000154   Data          10  usbd_hid.o(.data)
    HID_KEYBOARD_ReportDesc                  0x20000160   Data          63  usbd_hid.o(.data)
    .data                                    0x200001a0   Section        4  stdout.o(.data)
    .bss                                     0x200001a4   Section       40  hc-sr04.o(.bss)
    .bss                                     0x200001cc   Section       88  spi.o(.bss)
    .bss                                     0x20000224   Section       72  tim.o(.bss)
    .bss                                     0x2000026c   Section       72  usart.o(.bss)
    .bss                                     0x200002b4   Section      708  usb_device.o(.bss)
    .bss                                     0x20000578   Section      512  usbd_desc.o(.bss)
    .bss                                     0x20000778   Section      772  usbd_conf.o(.bss)
    mem                                      0x20000778   Data          20  usbd_conf.o(.bss)
    STACK                                    0x20000a80   Section     1024  startup_stm32f103xb.o(STACK)

    Global Symbols

    Symbol Name                              Value     Ov Type        Size  Object(Section)

    BuildAttributes$$THM_ISAv4$P$D$K$B$S$PE$A:L22UL41UL21$X:L11$S22US41US21$IEEE1$IW$USESV6$~STKCKD$USESV7$~SHL$OTIME$ROPI$EBA8$MICROLIB$REQ8$PRES8$EABIv2 0x00000000   Number         0  anon$$obj.o ABSOLUTE
    __ARM_use_no_argv                        0x00000000   Number         0  main.o ABSOLUTE
    _printf_a                                0x00000000   Number         0  stubs.o ABSOLUTE
    _printf_c                                0x00000000   Number         0  stubs.o ABSOLUTE
    _printf_charcount                        0x00000000   Number         0  stubs.o ABSOLUTE
    _printf_d                                0x00000000   Number         0  stubs.o ABSOLUTE
    _printf_e                                0x00000000   Number         0  stubs.o ABSOLUTE
    _printf_f                                0x00000000   Number         0  stubs.o ABSOLUTE
    _printf_flags                            0x00000000   Number         0  stubs.o ABSOLUTE
    _printf_fp_dec                           0x00000000   Number         0  stubs.o ABSOLUTE
    _printf_fp_hex                           0x00000000   Number         0  stubs.o ABSOLUTE
    _printf_g                                0x00000000   Number         0  stubs.o ABSOLUTE
    _printf_i                                0x00000000   Number         0  stubs.o ABSOLUTE
    _printf_int_dec                          0x00000000   Number         0  stubs.o ABSOLUTE
    _printf_l                                0x00000000   Number         0  stubs.o ABSOLUTE
    _printf_lc                               0x00000000   Number         0  stubs.o ABSOLUTE
    _printf_ll                               0x00000000   Number         0  stubs.o ABSOLUTE
    _printf_lld                              0x00000000   Number         0  stubs.o ABSOLUTE
    _printf_lli                              0x00000000   Number         0  stubs.o ABSOLUTE
    _printf_llo                              0x00000000   Number         0  stubs.o ABSOLUTE
    _printf_llu                              0x00000000   Number         0  stubs.o ABSOLUTE
    _printf_llx                              0x00000000   Number         0  stubs.o ABSOLUTE
    _printf_longlong_dec                     0x00000000   Number         0  stubs.o ABSOLUTE
    _printf_longlong_hex                     0x00000000   Number         0  stubs.o ABSOLUTE
    _printf_longlong_oct                     0x00000000   Number         0  stubs.o ABSOLUTE
    _printf_ls                               0x00000000   Number         0  stubs.o ABSOLUTE
    _printf_mbtowc                           0x00000000   Number         0  stubs.o ABSOLUTE
    _printf_n                                0x00000000   Number         0  stubs.o ABSOLUTE
    _printf_o                                0x00000000   Number         0  stubs.o ABSOLUTE
    _printf_p                                0x00000000   Number         0  stubs.o ABSOLUTE
    _printf_percent                          0x00000000   Number         0  stubs.o ABSOLUTE
    _printf_pre_padding                      0x00000000   Number         0  stubs.o ABSOLUTE
    _printf_return_value                     0x00000000   Number         0  stubs.o ABSOLUTE
    _printf_s                                0x00000000   Number         0  stubs.o ABSOLUTE
    _printf_sizespec                         0x00000000   Number         0  stubs.o ABSOLUTE
    _printf_str                              0x00000000   Number         0  stubs.o ABSOLUTE
    _printf_truncate_signed                  0x00000000   Number         0  stubs.o ABSOLUTE
    _printf_truncate_unsigned                0x00000000   Number         0  stubs.o ABSOLUTE
    _printf_u                                0x00000000   Number         0  stubs.o ABSOLUTE
    _printf_wc                               0x00000000   Number         0  stubs.o ABSOLUTE
    _printf_wctomb                           0x00000000   Number         0  stubs.o ABSOLUTE
    _printf_widthprec                        0x00000000   Number         0  stubs.o ABSOLUTE
    _printf_x                                0x00000000   Number         0  stubs.o ABSOLUTE
    __cpp_initialize__aeabi_                  - Undefined Weak Reference
    __cxa_finalize                            - Undefined Weak Reference
    _clock_init                               - Undefined Weak Reference
    _microlib_exit                            - Undefined Weak Reference
    __Vectors_Size                           0x000000ec   Number         0  startup_stm32f103xb.o ABSOLUTE
    __Vectors                                0x08000000   Data           4  startup_stm32f103xb.o(RESET)
    __Vectors_End                            0x080000ec   Data           0  startup_stm32f103xb.o(RESET)
    __main                                   0x080000ed   Thumb Code     0  entry.o(.ARM.Collect$$$$00000000)
    _main_stk                                0x080000ed   Thumb Code     0  entry2.o(.ARM.Collect$$$$00000001)
    _main_scatterload                        0x080000f1   Thumb Code     0  entry5.o(.ARM.Collect$$$$00000004)
    __main_after_scatterload                 0x080000f5   Thumb Code     0  entry5.o(.ARM.Collect$$$$00000004)
    _main_clock                              0x080000f5   Thumb Code     0  entry7b.o(.ARM.Collect$$$$00000008)
    _main_cpp_init                           0x080000f5   Thumb Code     0  entry8b.o(.ARM.Collect$$$$0000000A)
    _main_init                               0x080000f5   Thumb Code     0  entry9a.o(.ARM.Collect$$$$0000000B)
    __rt_final_cpp                           0x080000fd   Thumb Code     0  entry10a.o(.ARM.Collect$$$$0000000D)
    __rt_final_exit                          0x080000fd   Thumb Code     0  entry11a.o(.ARM.Collect$$$$0000000F)
    Reset_Handler                            0x08000101   Thumb Code     8  startup_stm32f103xb.o(.text)
    ADC1_2_IRQHandler                        0x0800011b   Thumb Code     0  startup_stm32f103xb.o(.text)
    CAN1_RX1_IRQHandler                      0x0800011b   Thumb Code     0  startup_stm32f103xb.o(.text)
    CAN1_SCE_IRQHandler                      0x0800011b   Thumb Code     0  startup_stm32f103xb.o(.text)
    DMA1_Channel1_IRQHandler                 0x0800011b   Thumb Code     0  startup_stm32f103xb.o(.text)
    DMA1_Channel2_IRQHandler                 0x0800011b   Thumb Code     0  startup_stm32f103xb.o(.text)
    DMA1_Channel3_IRQHandler                 0x0800011b   Thumb Code     0  startup_stm32f103xb.o(.text)
    DMA1_Channel4_IRQHandler                 0x0800011b   Thumb Code     0  startup_stm32f103xb.o(.text)
    DMA1_Channel5_IRQHandler                 0x0800011b   Thumb Code     0  startup_stm32f103xb.o(.text)
    DMA1_Channel6_IRQHandler                 0x0800011b   Thumb Code     0  startup_stm32f103xb.o(.text)
    DMA1_Channel7_IRQHandler                 0x0800011b   Thumb Code     0  startup_stm32f103xb.o(.text)
    EXTI0_IRQHandler                         0x0800011b   Thumb Code     0  startup_stm32f103xb.o(.text)
    EXTI15_10_IRQHandler                     0x0800011b   Thumb Code     0  startup_stm32f103xb.o(.text)
    EXTI1_IRQHandler                         0x0800011b   Thumb Code     0  startup_stm32f103xb.o(.text)
    EXTI2_IRQHandler                         0x0800011b   Thumb Code     0  startup_stm32f103xb.o(.text)
    EXTI3_IRQHandler                         0x0800011b   Thumb Code     0  startup_stm32f103xb.o(.text)
    EXTI4_IRQHandler                         0x0800011b   Thumb Code     0  startup_stm32f103xb.o(.text)
    EXTI9_5_IRQHandler                       0x0800011b   Thumb Code     0  startup_stm32f103xb.o(.text)
    FLASH_IRQHandler                         0x0800011b   Thumb Code     0  startup_stm32f103xb.o(.text)
    I2C1_ER_IRQHandler                       0x0800011b   Thumb Code     0  startup_stm32f103xb.o(.text)
    I2C1_EV_IRQHandler                       0x0800011b   Thumb Code     0  startup_stm32f103xb.o(.text)
    I2C2_ER_IRQHandler                       0x0800011b   Thumb Code     0  startup_stm32f103xb.o(.text)
    I2C2_EV_IRQHandler                       0x0800011b   Thumb Code     0  startup_stm32f103xb.o(.text)
    PVD_IRQHandler                           0x0800011b   Thumb Code     0  startup_stm32f103xb.o(.text)
    RCC_IRQHandler                           0x0800011b   Thumb Code     0  startup_stm32f103xb.o(.text)
    RTC_Alarm_IRQHandler                     0x0800011b   Thumb Code     0  startup_stm32f103xb.o(.text)
    RTC_IRQHandler                           0x0800011b   Thumb Code     0  startup_stm32f103xb.o(.text)
    SPI1_IRQHandler                          0x0800011b   Thumb Code     0  startup_stm32f103xb.o(.text)
    SPI2_IRQHandler                          0x0800011b   Thumb Code     0  startup_stm32f103xb.o(.text)
    TAMPER_IRQHandler                        0x0800011b   Thumb Code     0  startup_stm32f103xb.o(.text)
    TIM1_BRK_IRQHandler                      0x0800011b   Thumb Code     0  startup_stm32f103xb.o(.text)
    TIM1_CC_IRQHandler                       0x0800011b   Thumb Code     0  startup_stm32f103xb.o(.text)
    TIM1_TRG_COM_IRQHandler                  0x0800011b   Thumb Code     0  startup_stm32f103xb.o(.text)
    TIM1_UP_IRQHandler                       0x0800011b   Thumb Code     0  startup_stm32f103xb.o(.text)
    TIM2_IRQHandler                          0x0800011b   Thumb Code     0  startup_stm32f103xb.o(.text)
    TIM3_IRQHandler                          0x0800011b   Thumb Code     0  startup_stm32f103xb.o(.text)
    USART1_IRQHandler                        0x0800011b   Thumb Code     0  startup_stm32f103xb.o(.text)
    USART2_IRQHandler                        0x0800011b   Thumb Code     0  startup_stm32f103xb.o(.text)
    USART3_IRQHandler                        0x0800011b   Thumb Code     0  startup_stm32f103xb.o(.text)
    USBWakeUp_IRQHandler                     0x0800011b   Thumb Code     0  startup_stm32f103xb.o(.text)
    WWDG_IRQHandler                          0x0800011b   Thumb Code     0  startup_stm32f103xb.o(.text)
    __aeabi_llsr                             0x08000125   Thumb Code    32  llushr.o(.text)
    _ll_ushift_r                             0x08000125   Thumb Code     0  llushr.o(.text)
    __aeabi_memcpy                           0x08000145   Thumb Code    36  memcpya.o(.text)
    __aeabi_memcpy4                          0x08000145   Thumb Code     0  memcpya.o(.text)
    __aeabi_memcpy8                          0x08000145   Thumb Code     0  memcpya.o(.text)
    __aeabi_memset                           0x08000169   Thumb Code    14  memseta.o(.text)
    __aeabi_memset4                          0x08000169   Thumb Code     0  memseta.o(.text)
    __aeabi_memset8                          0x08000169   Thumb Code     0  memseta.o(.text)
    __aeabi_memclr                           0x08000177   Thumb Code     4  memseta.o(.text)
    __aeabi_memclr4                          0x08000177   Thumb Code     0  memseta.o(.text)
    __aeabi_memclr8                          0x08000177   Thumb Code     0  memseta.o(.text)
    _memset$wrapper                          0x0800017b   Thumb Code    18  memseta.o(.text)
    __aeabi_dmul                             0x0800018d   Thumb Code   228  dmul.o(.text)
    __aeabi_ddiv                             0x08000271   Thumb Code   222  ddiv.o(.text)
    __ARM_scalbn                             0x0800034f   Thumb Code    46  dscalb.o(.text)
    scalbn                                   0x0800034f   Thumb Code     0  dscalb.o(.text)
    __aeabi_ui2d                             0x0800037d   Thumb Code    26  dfltui.o(.text)
    __aeabi_f2d                              0x08000397   Thumb Code    38  f2d.o(.text)
    __aeabi_d2f                              0x080003bd   Thumb Code    56  d2f.o(.text)
    __aeabi_uidiv                            0x080003f5   Thumb Code     0  uidiv.o(.text)
    __aeabi_uidivmod                         0x080003f5   Thumb Code    44  uidiv.o(.text)
    __aeabi_uldivmod                         0x08000421   Thumb Code    98  uldiv.o(.text)
    __I$use$fp                               0x08000483   Thumb Code     0  iusefp.o(.text)
    _float_round                             0x08000483   Thumb Code    18  fepilogue.o(.text)
    _float_epilogue                          0x08000495   Thumb Code    92  fepilogue.o(.text)
    _double_round                            0x080004f1   Thumb Code    30  depilogue.o(.text)
    _double_epilogue                         0x0800050f   Thumb Code   156  depilogue.o(.text)
    __aeabi_dadd                             0x080005ab   Thumb Code   322  dadd.o(.text)
    __aeabi_dsub                             0x080006ed   Thumb Code     6  dadd.o(.text)
    __aeabi_drsub                            0x080006f3   Thumb Code     6  dadd.o(.text)
    __aeabi_d2ulz                            0x080006f9   Thumb Code    48  dfixul.o(.text)
    __aeabi_cdrcmple                         0x08000729   Thumb Code    48  cdrcmple.o(.text)
    __scatterload                            0x08000759   Thumb Code    28  init.o(.text)
    __scatterload_rt2                        0x08000759   Thumb Code     0  init.o(.text)
    __aeabi_llsl                             0x0800077d   Thumb Code    30  llshl.o(.text)
    _ll_shift_l                              0x0800077d   Thumb Code     0  llshl.o(.text)
    __aeabi_lasr                             0x0800079b   Thumb Code    36  llsshr.o(.text)
    _ll_sshift_r                             0x0800079b   Thumb Code     0  llsshr.o(.text)
    __decompress                             0x080007bf   Thumb Code     0  __dczerorl2.o(.text)
    __decompress1                            0x080007bf   Thumb Code    86  __dczerorl2.o(.text)
    BusFault_Handler                         0x08000815   Thumb Code     2  stm32f1xx_it.o(i.BusFault_Handler)
    ClearBitMask                             0x08000817   Thumb Code    24  rc522.o(i.ClearBitMask)
    DebugMon_Handler                         0x0800082f   Thumb Code     2  stm32f1xx_it.o(i.DebugMon_Handler)
    Error_Handler                            0x08000831   Thumb Code     4  main.o(i.Error_Handler)
    HAL_Delay                                0x08000835   Thumb Code    32  stm32f1xx_hal.o(i.HAL_Delay)
    HAL_GPIO_Init                            0x08000859   Thumb Code   446  stm32f1xx_hal_gpio.o(i.HAL_GPIO_Init)
    HAL_GPIO_WritePin                        0x08000a39   Thumb Code    10  stm32f1xx_hal_gpio.o(i.HAL_GPIO_WritePin)
    HAL_GetTick                              0x08000a45   Thumb Code     6  stm32f1xx_hal.o(i.HAL_GetTick)
    HAL_IncTick                              0x08000a51   Thumb Code    12  stm32f1xx_hal.o(i.HAL_IncTick)
    HAL_Init                                 0x08000a61   Thumb Code    32  stm32f1xx_hal.o(i.HAL_Init)
    HAL_InitTick                             0x08000a85   Thumb Code    54  stm32f1xx_hal.o(i.HAL_InitTick)
    HAL_MspInit                              0x08000ac5   Thumb Code    52  stm32f1xx_hal_msp.o(i.HAL_MspInit)
    HAL_NVIC_EnableIRQ                       0x08000b01   Thumb Code    26  stm32f1xx_hal_cortex.o(i.HAL_NVIC_EnableIRQ)
    HAL_NVIC_SetPriority                     0x08000b1d   Thumb Code    60  stm32f1xx_hal_cortex.o(i.HAL_NVIC_SetPriority)
    HAL_NVIC_SetPriorityGrouping             0x08000b5d   Thumb Code    26  stm32f1xx_hal_cortex.o(i.HAL_NVIC_SetPriorityGrouping)
    HAL_PCDEx_PMAConfig                      0x08000b81   Thumb Code    60  stm32f1xx_hal_pcd_ex.o(i.HAL_PCDEx_PMAConfig)
    HAL_PCDEx_SetConnectionState             0x08000bbd   Thumb Code     2  usbd_conf.o(i.HAL_PCDEx_SetConnectionState)
    HAL_PCD_ActivateRemoteWakeup             0x08000bbf   Thumb Code     6  stm32f1xx_hal_pcd.o(i.HAL_PCD_ActivateRemoteWakeup)
    HAL_PCD_DataInStageCallback              0x08000bc5   Thumb Code    18  usbd_conf.o(i.HAL_PCD_DataInStageCallback)
    HAL_PCD_DataOutStageCallback             0x08000bd7   Thumb Code    20  usbd_conf.o(i.HAL_PCD_DataOutStageCallback)
    HAL_PCD_DeActivateRemoteWakeup           0x08000beb   Thumb Code     6  stm32f1xx_hal_pcd.o(i.HAL_PCD_DeActivateRemoteWakeup)
    HAL_PCD_EP_Close                         0x08000bf1   Thumb Code    76  stm32f1xx_hal_pcd.o(i.HAL_PCD_EP_Close)
    HAL_PCD_EP_ClrStall                      0x08000c3d   Thumb Code    92  stm32f1xx_hal_pcd.o(i.HAL_PCD_EP_ClrStall)
    HAL_PCD_EP_Open                          0x080010b7   Thumb Code    90  stm32f1xx_hal_pcd.o(i.HAL_PCD_EP_Open)
    HAL_PCD_EP_Receive                       0x08001111   Thumb Code    46  stm32f1xx_hal_pcd.o(i.HAL_PCD_EP_Receive)
    HAL_PCD_EP_SetStall                      0x0800113f   Thumb Code   114  stm32f1xx_hal_pcd.o(i.HAL_PCD_EP_SetStall)
    HAL_PCD_EP_Transmit                      0x080011b1   Thumb Code    48  stm32f1xx_hal_pcd.o(i.HAL_PCD_EP_Transmit)
    HAL_PCD_IRQHandler                       0x080011e1   Thumb Code   308  stm32f1xx_hal_pcd.o(i.HAL_PCD_IRQHandler)
    HAL_PCD_Init                             0x08001315   Thumb Code   218  stm32f1xx_hal_pcd.o(i.HAL_PCD_Init)
    HAL_PCD_MspInit                          0x080013f1   Thumb Code    66  usbd_conf.o(i.HAL_PCD_MspInit)
    HAL_PCD_ResetCallback                    0x0800143d   Thumb Code    38  usbd_conf.o(i.HAL_PCD_ResetCallback)
    HAL_PCD_ResumeCallback                   0x08001463   Thumb Code     8  usbd_conf.o(i.HAL_PCD_ResumeCallback)
    HAL_PCD_SOFCallback                      0x0800146b   Thumb Code     8  usbd_conf.o(i.HAL_PCD_SOFCallback)
    HAL_PCD_SetAddress                       0x08001473   Thumb Code    40  stm32f1xx_hal_pcd.o(i.HAL_PCD_SetAddress)
    HAL_PCD_SetupStageCallback               0x0800149b   Thumb Code    14  usbd_conf.o(i.HAL_PCD_SetupStageCallback)
    HAL_PCD_Start                            0x080014a9   Thumb Code    50  stm32f1xx_hal_pcd.o(i.HAL_PCD_Start)
    HAL_PCD_SuspendCallback                  0x080014dd   Thumb Code    30  usbd_conf.o(i.HAL_PCD_SuspendCallback)
    HAL_RCCEx_PeriphCLKConfig                0x08001501   Thumb Code   224  stm32f1xx_hal_rcc_ex.o(i.HAL_RCCEx_PeriphCLKConfig)
    HAL_RCC_ClockConfig                      0x080015ed   Thumb Code   280  stm32f1xx_hal_rcc.o(i.HAL_RCC_ClockConfig)
    HAL_RCC_GetPCLK1Freq                     0x08001719   Thumb Code    20  stm32f1xx_hal_rcc.o(i.HAL_RCC_GetPCLK1Freq)
    HAL_RCC_GetPCLK2Freq                     0x08001739   Thumb Code    20  stm32f1xx_hal_rcc.o(i.HAL_RCC_GetPCLK2Freq)
    HAL_RCC_GetSysClockFreq                  0x08001759   Thumb Code    58  stm32f1xx_hal_rcc.o(i.HAL_RCC_GetSysClockFreq)
    HAL_RCC_OscConfig                        0x080017a5   Thumb Code   778  stm32f1xx_hal_rcc.o(i.HAL_RCC_OscConfig)
    HAL_SPI_Init                             0x08001ac5   Thumb Code   178  stm32f1xx_hal_spi.o(i.HAL_SPI_Init)
    HAL_SPI_MspInit                          0x08001b79   Thumb Code   102  spi.o(i.HAL_SPI_MspInit)
    HAL_SPI_Transmit                         0x08001bed   Thumb Code   366  stm32f1xx_hal_spi.o(i.HAL_SPI_Transmit)
    HAL_SYSTICK_Config                       0x08001d5b   Thumb Code    40  stm32f1xx_hal_cortex.o(i.HAL_SYSTICK_Config)
    HAL_TIMEx_BreakCallback                  0x08001d83   Thumb Code     2  stm32f1xx_hal_tim_ex.o(i.HAL_TIMEx_BreakCallback)
    HAL_TIMEx_CommutCallback                 0x08001d85   Thumb Code     2  stm32f1xx_hal_tim_ex.o(i.HAL_TIMEx_CommutCallback)
    HAL_TIMEx_MasterConfigSynchronization    0x08001d89   Thumb Code    92  stm32f1xx_hal_tim_ex.o(i.HAL_TIMEx_MasterConfigSynchronization)
    HAL_TIM_Base_Start_IT                    0x08001df1   Thumb Code    76  stm32f1xx_hal_tim.o(i.HAL_TIM_Base_Start_IT)
    HAL_TIM_IC_CaptureCallback               0x08001e49   Thumb Code     4  main.o(i.HAL_TIM_IC_CaptureCallback)
    HAL_TIM_IC_ConfigChannel                 0x08001e4d   Thumb Code   292  stm32f1xx_hal_tim.o(i.HAL_TIM_IC_ConfigChannel)
    HAL_TIM_IC_Init                          0x08001f71   Thumb Code    90  stm32f1xx_hal_tim.o(i.HAL_TIM_IC_Init)
    HAL_TIM_IC_MspInit                       0x08001fcd   Thumb Code    88  tim.o(i.HAL_TIM_IC_MspInit)
    HAL_TIM_IC_Start_IT                      0x08002031   Thumb Code   216  stm32f1xx_hal_tim.o(i.HAL_TIM_IC_Start_IT)
    HAL_TIM_IRQHandler                       0x08002115   Thumb Code   358  stm32f1xx_hal_tim.o(i.HAL_TIM_IRQHandler)
    HAL_TIM_OC_DelayElapsedCallback          0x0800227b   Thumb Code     2  stm32f1xx_hal_tim.o(i.HAL_TIM_OC_DelayElapsedCallback)
    HAL_TIM_PWM_PulseFinishedCallback        0x0800227d   Thumb Code     2  stm32f1xx_hal_tim.o(i.HAL_TIM_PWM_PulseFinishedCallback)
    HAL_TIM_PeriodElapsedCallback            0x0800227f   Thumb Code     4  main.o(i.HAL_TIM_PeriodElapsedCallback)
    HAL_TIM_ReadCapturedValue                0x08002283   Thumb Code    42  stm32f1xx_hal_tim.o(i.HAL_TIM_ReadCapturedValue)
    HAL_TIM_TriggerCallback                  0x080022ad   Thumb Code     2  stm32f1xx_hal_tim.o(i.HAL_TIM_TriggerCallback)
    HAL_UART_Init                            0x080022af   Thumb Code   100  stm32f1xx_hal_uart.o(i.HAL_UART_Init)
    HAL_UART_MspInit                         0x08002315   Thumb Code   100  usart.o(i.HAL_UART_MspInit)
    HAL_UART_Transmit                        0x08002385   Thumb Code   154  stm32f1xx_hal_uart.o(i.HAL_UART_Transmit)
    HardFault_Handler                        0x0800241f   Thumb Code     2  stm32f1xx_it.o(i.HardFault_Handler)
    Hcsr04Init                               0x08002421   Thumb Code    74  hc-sr04.o(i.Hcsr04Init)
    Hcsr04Read                               0x08002471   Thumb Code    16  hc-sr04.o(i.Hcsr04Read)
    Hcsr04Start                              0x08002489   Thumb Code    34  hc-sr04.o(i.Hcsr04Start)
    Hcsr04TimIcIsr                           0x080024b1   Thumb Code   276  hc-sr04.o(i.Hcsr04TimIcIsr)
    Hcsr04TimOverflowIsr                     0x080025d5   Thumb Code    18  hc-sr04.o(i.Hcsr04TimOverflowIsr)
    MX_GPIO_Init                             0x08002625   Thumb Code   166  gpio.o(i.MX_GPIO_Init)
    MX_SPI2_Init                             0x080026d9   Thumb Code    60  spi.o(i.MX_SPI2_Init)
    MX_TIM4_Init                             0x0800271d   Thumb Code   100  tim.o(i.MX_TIM4_Init)
    MX_USART1_UART_Init                      0x08002789   Thumb Code    48  usart.o(i.MX_USART1_UART_Init)
    MX_USB_DEVICE_Init                       0x080027c1   Thumb Code    52  usb_device.o(i.MX_USB_DEVICE_Init)
    MemManage_Handler                        0x08002801   Thumb Code     2  stm32f1xx_it.o(i.MemManage_Handler)
    NMI_Handler                              0x08002803   Thumb Code     2  stm32f1xx_it.o(i.NMI_Handler)
    PcdAntennaOff                            0x08002bb1   Thumb Code     8  rc522.o(i.PcdAntennaOff)
    PcdAntennaOn                             0x08002bb9   Thumb Code    44  rc522.o(i.PcdAntennaOn)
    PcdAnticoll                              0x08002be5   Thumb Code   106  rc522.o(i.PcdAnticoll)
    PcdComMF522                              0x08002c4f   Thumb Code   278  rc522.o(i.PcdComMF522)
    PcdRequest                               0x08002d65   Thumb Code    80  rc522.o(i.PcdRequest)
    PcdReset                                 0x08002db5   Thumb Code   120  rc522.o(i.PcdReset)
    PendSV_Handler                           0x08002e31   Thumb Code     2  stm32f1xx_it.o(i.PendSV_Handler)
    RC522_Init                               0x08002e35   Thumb Code    90  rc522.o(i.RC522_Init)
    RC522_ReadWriteByte                      0x08002ecd   Thumb Code    30  rc522.o(i.RC522_ReadWriteByte)
    ReadRawRC                                0x08002ef1   Thumb Code    74  rc522.o(i.ReadRawRC)
    ReaderCard                               0x08002f41   Thumb Code   254  rc522.o(i.ReaderCard)
    SVC_Handler                              0x080031b1   Thumb Code     2  stm32f1xx_it.o(i.SVC_Handler)
    SendHIDReport                            0x080031b5   Thumb Code    60  main.o(i.SendHIDReport)
    SendMultipleKeys                         0x080031f9   Thumb Code    50  main.o(i.SendMultipleKeys)
    SetBitMask                               0x08003235   Thumb Code    26  rc522.o(i.SetBitMask)
    SysTick_Handler                          0x0800324f   Thumb Code     4  stm32f1xx_it.o(i.SysTick_Handler)
    SystemClock_Config                       0x08003253   Thumb Code   118  main.o(i.SystemClock_Config)
    SystemInit                               0x080032c9   Thumb Code     2  system_stm32f1xx.o(i.SystemInit)
    TIM4_IRQHandler                          0x080032cd   Thumb Code     6  stm32f1xx_it.o(i.TIM4_IRQHandler)
    TIM_Base_SetConfig                       0x080032d9   Thumb Code    94  stm32f1xx_hal_tim.o(i.TIM_Base_SetConfig)
    TIM_CCxChannelCmd                        0x08003345   Thumb Code    26  stm32f1xx_hal_tim.o(i.TIM_CCxChannelCmd)
    TIM_TI1_SetConfig                        0x08003361   Thumb Code    76  stm32f1xx_hal_tim.o(i.TIM_TI1_SetConfig)
    USBD_ClrClassConfig                      0x08003521   Thumb Code    14  usbd_core.o(i.USBD_ClrClassConfig)
    USBD_CtlContinueRx                       0x0800352f   Thumb Code    16  usbd_ioreq.o(i.USBD_CtlContinueRx)
    USBD_CtlContinueSendData                 0x0800353f   Thumb Code    16  usbd_ioreq.o(i.USBD_CtlContinueSendData)
    USBD_CtlError                            0x0800354f   Thumb Code    22  usbd_ctlreq.o(i.USBD_CtlError)
    USBD_CtlReceiveStatus                    0x08003565   Thumb Code    22  usbd_ioreq.o(i.USBD_CtlReceiveStatus)
    USBD_CtlSendData                         0x0800357b   Thumb Code    26  usbd_ioreq.o(i.USBD_CtlSendData)
    USBD_CtlSendStatus                       0x08003595   Thumb Code    22  usbd_ioreq.o(i.USBD_CtlSendStatus)
    USBD_FS_ConfigStrDescriptor              0x080035ad   Thumb Code    16  usbd_desc.o(i.USBD_FS_ConfigStrDescriptor)
    USBD_FS_DeviceDescriptor                 0x080035cd   Thumb Code     8  usbd_desc.o(i.USBD_FS_DeviceDescriptor)
    USBD_FS_InterfaceStrDescriptor           0x080035d9   Thumb Code    16  usbd_desc.o(i.USBD_FS_InterfaceStrDescriptor)
    USBD_FS_LangIDStrDescriptor              0x080035fd   Thumb Code     8  usbd_desc.o(i.USBD_FS_LangIDStrDescriptor)
    USBD_FS_ManufacturerStrDescriptor        0x08003609   Thumb Code    16  usbd_desc.o(i.USBD_FS_ManufacturerStrDescriptor)
    USBD_FS_ProductStrDescriptor             0x08003631   Thumb Code    16  usbd_desc.o(i.USBD_FS_ProductStrDescriptor)
    USBD_FS_SerialStrDescriptor              0x0800365d   Thumb Code    36  usbd_desc.o(i.USBD_FS_SerialStrDescriptor)
    USBD_GetString                           0x0800376d   Thumb Code    72  usbd_ctlreq.o(i.USBD_GetString)
    USBD_HID_SendReport                      0x08003853   Thumb Code    36  usbd_hid.o(i.USBD_HID_SendReport)
    USBD_Init                                0x08003941   Thumb Code    42  usbd_core.o(i.USBD_Init)
    USBD_LL_ClearStallEP                     0x0800396b   Thumb Code    18  usbd_conf.o(i.USBD_LL_ClearStallEP)
    USBD_LL_CloseEP                          0x0800397d   Thumb Code    18  usbd_conf.o(i.USBD_LL_CloseEP)
    USBD_LL_DataInStage                      0x0800398f   Thumb Code   198  usbd_core.o(i.USBD_LL_DataInStage)
    USBD_LL_DataOutStage                     0x08003a55   Thumb Code   130  usbd_core.o(i.USBD_LL_DataOutStage)
    USBD_LL_Init                             0x08003ad9   Thumb Code    94  usbd_conf.o(i.USBD_LL_Init)
    USBD_LL_IsStallEP                        0x08003b41   Thumb Code    32  usbd_conf.o(i.USBD_LL_IsStallEP)
    USBD_LL_OpenEP                           0x08003b61   Thumb Code    24  usbd_conf.o(i.USBD_LL_OpenEP)
    USBD_LL_PrepareReceive                   0x08003b79   Thumb Code    18  usbd_conf.o(i.USBD_LL_PrepareReceive)
    USBD_LL_RemoteWakeup                     0x08003b8b   Thumb Code    40  usbd_conf.o(i.USBD_LL_RemoteWakeup)
    USBD_LL_Reset                            0x08003bb3   Thumb Code    80  usbd_core.o(i.USBD_LL_Reset)
    USBD_LL_Resume                           0x08003c03   Thumb Code    20  usbd_core.o(i.USBD_LL_Resume)
    USBD_LL_SOF                              0x08003c17   Thumb Code    24  usbd_core.o(i.USBD_LL_SOF)
    USBD_LL_SetSpeed                         0x08003c2f   Thumb Code     6  usbd_core.o(i.USBD_LL_SetSpeed)
    USBD_LL_SetUSBAddress                    0x08003c35   Thumb Code    18  usbd_conf.o(i.USBD_LL_SetUSBAddress)
    USBD_LL_SetupStage                       0x08003c47   Thumb Code    90  usbd_core.o(i.USBD_LL_SetupStage)
    USBD_LL_StallEP                          0x08003ca1   Thumb Code    18  usbd_conf.o(i.USBD_LL_StallEP)
    USBD_LL_Start                            0x08003cb3   Thumb Code    18  usbd_conf.o(i.USBD_LL_Start)
    USBD_LL_Suspend                          0x08003cc5   Thumb Code    18  usbd_core.o(i.USBD_LL_Suspend)
    USBD_LL_Transmit                         0x08003cd7   Thumb Code    18  usbd_conf.o(i.USBD_LL_Transmit)
    USBD_ParseSetupRequest                   0x08003ce9   Thumb Code    40  usbd_ctlreq.o(i.USBD_ParseSetupRequest)
    USBD_RegisterClass                       0x08003d11   Thumb Code    16  usbd_core.o(i.USBD_RegisterClass)
    USBD_SetClassConfig                      0x08003d21   Thumb Code    22  usbd_core.o(i.USBD_SetClassConfig)
    USBD_Start                               0x08003dbd   Thumb Code    10  usbd_core.o(i.USBD_Start)
    USBD_StdDevReq                           0x08003dc7   Thumb Code   274  usbd_ctlreq.o(i.USBD_StdDevReq)
    USBD_StdEPReq                            0x08003ed9   Thumb Code   336  usbd_ctlreq.o(i.USBD_StdEPReq)
    USBD_StdItfReq                           0x08004029   Thumb Code    78  usbd_ctlreq.o(i.USBD_StdItfReq)
    USBD_static_free                         0x08004077   Thumb Code     2  usbd_conf.o(i.USBD_static_free)
    USBD_static_malloc                       0x08004079   Thumb Code     4  usbd_conf.o(i.USBD_static_malloc)
    USB_ActivateEndpoint                     0x08004081   Thumb Code   668  stm32f1xx_ll_usb.o(i.USB_ActivateEndpoint)
    USB_ActivateRemoteWakeup                 0x0800431d   Thumb Code    14  stm32f1xx_ll_usb.o(i.USB_ActivateRemoteWakeup)
    USB_CoreInit                             0x0800432b   Thumb Code     4  stm32f1xx_ll_usb.o(i.USB_CoreInit)
    USB_DeActivateRemoteWakeup               0x0800432f   Thumb Code    14  stm32f1xx_ll_usb.o(i.USB_DeActivateRemoteWakeup)
    USB_DeactivateEndpoint                   0x0800433d   Thumb Code   270  stm32f1xx_ll_usb.o(i.USB_DeactivateEndpoint)
    USB_DevConnect                           0x0800444b   Thumb Code     4  stm32f1xx_ll_usb.o(i.USB_DevConnect)
    USB_DevDisconnect                        0x0800444f   Thumb Code     4  stm32f1xx_ll_usb.o(i.USB_DevDisconnect)
    USB_DevInit                              0x08004453   Thumb Code    18  stm32f1xx_ll_usb.o(i.USB_DevInit)
    USB_DisableGlobalInt                     0x08004465   Thumb Code    14  stm32f1xx_ll_usb.o(i.USB_DisableGlobalInt)
    USB_EP0_OutStart                         0x08004473   Thumb Code     4  stm32f1xx_ll_usb.o(i.USB_EP0_OutStart)
    USB_EPClearStall                         0x08004477   Thumb Code   120  stm32f1xx_ll_usb.o(i.USB_EPClearStall)
    USB_EPSetStall                           0x080044ef   Thumb Code    50  stm32f1xx_ll_usb.o(i.USB_EPSetStall)
    USB_EPStartXfer                          0x08004521   Thumb Code  1250  stm32f1xx_ll_usb.o(i.USB_EPStartXfer)
    USB_EnableGlobalInt                      0x08004a03   Thumb Code    18  stm32f1xx_ll_usb.o(i.USB_EnableGlobalInt)
    USB_HP_CAN1_TX_IRQHandler                0x08004a15   Thumb Code     6  stm32f1xx_it.o(i.USB_HP_CAN1_TX_IRQHandler)
    USB_LP_CAN1_RX0_IRQHandler               0x08004a21   Thumb Code     6  stm32f1xx_it.o(i.USB_LP_CAN1_RX0_IRQHandler)
    USB_ReadInterrupts                       0x08004a2d   Thumb Code     6  stm32f1xx_ll_usb.o(i.USB_ReadInterrupts)
    USB_ReadPMA                              0x08004a35   Thumb Code    44  stm32f1xx_ll_usb.o(i.USB_ReadPMA)
    USB_SetCurrentMode                       0x08004a61   Thumb Code     4  stm32f1xx_ll_usb.o(i.USB_SetCurrentMode)
    USB_SetDevAddress                        0x08004a65   Thumb Code    12  stm32f1xx_ll_usb.o(i.USB_SetDevAddress)
    USB_WritePMA                             0x08004a71   Thumb Code    38  stm32f1xx_ll_usb.o(i.USB_WritePMA)
    UsageFault_Handler                       0x08004a97   Thumb Code     2  stm32f1xx_it.o(i.UsageFault_Handler)
    WakeUP                                   0x08004a99   Thumb Code    54  main.o(i.WakeUP)
    WriteRawRC                               0x08004ae5   Thumb Code    72  rc522.o(i.WriteRawRC)
    __0printf                                0x08004b31   Thumb Code    22  printfa.o(i.__0printf)
    __1printf                                0x08004b31   Thumb Code     0  printfa.o(i.__0printf)
    __2printf                                0x08004b31   Thumb Code     0  printfa.o(i.__0printf)
    __c89printf                              0x08004b31   Thumb Code     0  printfa.o(i.__0printf)
    printf                                   0x08004b31   Thumb Code     0  printfa.o(i.__0printf)
    __scatterload_copy                       0x08004b71   Thumb Code    14  handlers.o(i.__scatterload_copy)
    __scatterload_null                       0x08004b7f   Thumb Code     2  handlers.o(i.__scatterload_null)
    __scatterload_zeroinit                   0x08004b81   Thumb Code    14  handlers.o(i.__scatterload_zeroinit)
    delay_ns                                 0x08005443   Thumb Code    18  rc522.o(i.delay_ns)
    fputc                                    0x08005455   Thumb Code    20  usart.o(i.fputc)
    lock                                     0x0800546d   Thumb Code     8  main.o(i.lock)
    main                                     0x08005475   Thumb Code   218  main.o(i.main)
    password                                 0x080055d1   Thumb Code    50  main.o(i.password)
    AHBPrescTable                            0x08005622   Data          16  system_stm32f1xx.o(.constdata)
    APBPrescTable                            0x08005632   Data           8  system_stm32f1xx.o(.constdata)
    Region$$Table$$Base                      0x0800563c   Number         0  anon$$obj.o(Region$$Table)
    Region$$Table$$Limit                     0x0800565c   Number         0  anon$$obj.o(Region$$Table)
    Temp                                     0x20000000   Data           4  rc522.o(.data)
    sign                                     0x20000004   Data           4  rc522.o(.data)
    UID                                      0x20000008   Data           5  rc522.o(.data)
    sign2                                    0x20000010   Data           4  main.o(.data)
    sign3                                    0x20000014   Data           4  main.o(.data)
    sign1                                    0x20000018   Data           4  main.o(.data)
    KeyBoard                                 0x2000001c   Data           8  main.o(.data)
    KeyBoard01                               0x20000024   Data           8  main.o(.data)
    uwTickFreq                               0x2000002c   Data           1  stm32f1xx_hal.o(.data)
    uwTickPrio                               0x20000030   Data           4  stm32f1xx_hal.o(.data)
    uwTick                                   0x20000034   Data           4  stm32f1xx_hal.o(.data)
    SystemCoreClock                          0x20000038   Data           4  system_stm32f1xx.o(.data)
    FS_Desc                                  0x2000003c   Data          28  usbd_desc.o(.data)
    USBD_LangIDDesc                          0x20000058   Data           4  usbd_desc.o(.data)
    USBD_FS_DeviceDesc                       0x2000005c   Data          18  usbd_desc.o(.data)
    USBD_StringSerial                        0x20000070   Data          26  usbd_desc.o(.data)
    USBD_HID                                 0x2000008c   Data          56  usbd_hid.o(.data)
    __stdout                                 0x200001a0   Data           4  stdout.o(.data)
    Hcsr04Info                               0x200001a4   Data          40  hc-sr04.o(.bss)
    hspi2                                    0x200001cc   Data          88  spi.o(.bss)
    htim4                                    0x20000224   Data          72  tim.o(.bss)
    huart1                                   0x2000026c   Data          72  usart.o(.bss)
    hUsbDeviceFS                             0x200002b4   Data         708  usb_device.o(.bss)
    USBD_StrDesc                             0x20000578   Data         512  usbd_desc.o(.bss)
    hpcd_USB_FS                              0x2000078c   Data         752  usbd_conf.o(.bss)
    __initial_sp                             0x20000e80   Data           0  startup_stm32f103xb.o(STACK)



==============================================================================

Memory Map of the image

  Image Entry point : 0x080000ed

  Load Region LR_IROM1 (Base: 0x08000000, Size: 0x00005800, Max: 0x00010000, ABSOLUTE, COMPRESSED[0x00005738])

    Execution Region ER_IROM1 (Exec base: 0x08000000, Load base: 0x08000000, Size: 0x0000565c, Max: 0x00010000, ABSOLUTE)

    Exec Addr    Load Addr    Size         Type   Attr      Idx    E Section Name        Object

    0x08000000   0x08000000   0x000000ec   Data   RO            3    RESET               startup_stm32f103xb.o
    0x080000ec   0x080000ec   0x00000000   Code   RO         4535  * .ARM.Collect$$$$00000000  mc_w.l(entry.o)
    0x080000ec   0x080000ec   0x00000004   Code   RO         4819    .ARM.Collect$$$$00000001  mc_w.l(entry2.o)
    0x080000f0   0x080000f0   0x00000004   Code   RO         4822    .ARM.Collect$$$$00000004  mc_w.l(entry5.o)
    0x080000f4   0x080000f4   0x00000000   Code   RO         4824    .ARM.Collect$$$$00000008  mc_w.l(entry7b.o)
    0x080000f4   0x080000f4   0x00000000   Code   RO         4826    .ARM.Collect$$$$0000000A  mc_w.l(entry8b.o)
    0x080000f4   0x080000f4   0x00000008   Code   RO         4827    .ARM.Collect$$$$0000000B  mc_w.l(entry9a.o)
    0x080000fc   0x080000fc   0x00000000   Code   RO         4829    .ARM.Collect$$$$0000000D  mc_w.l(entry10a.o)
    0x080000fc   0x080000fc   0x00000000   Code   RO         4831    .ARM.Collect$$$$0000000F  mc_w.l(entry11a.o)
    0x080000fc   0x080000fc   0x00000004   Code   RO         4820    .ARM.Collect$$$$00002712  mc_w.l(entry2.o)
    0x08000100   0x08000100   0x00000024   Code   RO            4    .text               startup_stm32f103xb.o
    0x08000124   0x08000124   0x00000020   Code   RO         4538    .text               mc_w.l(llushr.o)
    0x08000144   0x08000144   0x00000024   Code   RO         4540    .text               mc_w.l(memcpya.o)
    0x08000168   0x08000168   0x00000024   Code   RO         4542    .text               mc_w.l(memseta.o)
    0x0800018c   0x0800018c   0x000000e4   Code   RO         4807    .text               mf_w.l(dmul.o)
    0x08000270   0x08000270   0x000000de   Code   RO         4809    .text               mf_w.l(ddiv.o)
    0x0800034e   0x0800034e   0x0000002e   Code   RO         4811    .text               mf_w.l(dscalb.o)
    0x0800037c   0x0800037c   0x0000001a   Code   RO         4813    .text               mf_w.l(dfltui.o)
    0x08000396   0x08000396   0x00000026   Code   RO         4815    .text               mf_w.l(f2d.o)
    0x080003bc   0x080003bc   0x00000038   Code   RO         4817    .text               mf_w.l(d2f.o)
    0x080003f4   0x080003f4   0x0000002c   Code   RO         4834    .text               mc_w.l(uidiv.o)
    0x08000420   0x08000420   0x00000062   Code   RO         4836    .text               mc_w.l(uldiv.o)
    0x08000482   0x08000482   0x00000000   Code   RO         4838    .text               mc_w.l(iusefp.o)
    0x08000482   0x08000482   0x0000006e   Code   RO         4839    .text               mf_w.l(fepilogue.o)
    0x080004f0   0x080004f0   0x000000ba   Code   RO         4841    .text               mf_w.l(depilogue.o)
    0x080005aa   0x080005aa   0x0000014e   Code   RO         4843    .text               mf_w.l(dadd.o)
    0x080006f8   0x080006f8   0x00000030   Code   RO         4845    .text               mf_w.l(dfixul.o)
    0x08000728   0x08000728   0x00000030   Code   RO         4847    .text               mf_w.l(cdrcmple.o)
    0x08000758   0x08000758   0x00000024   Code   RO         4849    .text               mc_w.l(init.o)
    0x0800077c   0x0800077c   0x0000001e   Code   RO         4851    .text               mc_w.l(llshl.o)
    0x0800079a   0x0800079a   0x00000024   Code   RO         4853    .text               mc_w.l(llsshr.o)
    0x080007be   0x080007be   0x00000056   Code   RO         4863    .text               mc_w.l(__dczerorl2.o)
    0x08000814   0x08000814   0x00000002   Code   RO          571    i.BusFault_Handler  stm32f1xx_it.o
    0x08000816   0x08000816   0x00000018   Code   RO           13    i.ClearBitMask      rc522.o
    0x0800082e   0x0800082e   0x00000002   Code   RO          572    i.DebugMon_Handler  stm32f1xx_it.o
    0x08000830   0x08000830   0x00000004   Code   RO          292    i.Error_Handler     main.o
    0x08000834   0x08000834   0x00000024   Code   RO         1197    i.HAL_Delay         stm32f1xx_hal.o
    0x08000858   0x08000858   0x000001e0   Code   RO         1507    i.HAL_GPIO_Init     stm32f1xx_hal_gpio.o
    0x08000a38   0x08000a38   0x0000000a   Code   RO         1511    i.HAL_GPIO_WritePin  stm32f1xx_hal_gpio.o
    0x08000a42   0x08000a42   0x00000002   PAD
    0x08000a44   0x08000a44   0x0000000c   Code   RO         1201    i.HAL_GetTick       stm32f1xx_hal.o
    0x08000a50   0x08000a50   0x00000010   Code   RO         1207    i.HAL_IncTick       stm32f1xx_hal.o
    0x08000a60   0x08000a60   0x00000024   Code   RO         1208    i.HAL_Init          stm32f1xx_hal.o
    0x08000a84   0x08000a84   0x00000040   Code   RO         1209    i.HAL_InitTick      stm32f1xx_hal.o
    0x08000ac4   0x08000ac4   0x0000003c   Code   RO          665    i.HAL_MspInit       stm32f1xx_hal_msp.o
    0x08000b00   0x08000b00   0x0000001a   Code   RO         1667    i.HAL_NVIC_EnableIRQ  stm32f1xx_hal_cortex.o
    0x08000b1a   0x08000b1a   0x00000002   PAD
    0x08000b1c   0x08000b1c   0x00000040   Code   RO         1673    i.HAL_NVIC_SetPriority  stm32f1xx_hal_cortex.o
    0x08000b5c   0x08000b5c   0x00000024   Code   RO         1674    i.HAL_NVIC_SetPriorityGrouping  stm32f1xx_hal_cortex.o
    0x08000b80   0x08000b80   0x0000003c   Code   RO          964    i.HAL_PCDEx_PMAConfig  stm32f1xx_hal_pcd_ex.o
    0x08000bbc   0x08000bbc   0x00000002   Code   RO         3980    i.HAL_PCDEx_SetConnectionState  usbd_conf.o
    0x08000bbe   0x08000bbe   0x00000006   Code   RO          725    i.HAL_PCD_ActivateRemoteWakeup  stm32f1xx_hal_pcd.o
    0x08000bc4   0x08000bc4   0x00000012   Code   RO         3982    i.HAL_PCD_DataInStageCallback  usbd_conf.o
    0x08000bd6   0x08000bd6   0x00000014   Code   RO         3983    i.HAL_PCD_DataOutStageCallback  usbd_conf.o
    0x08000bea   0x08000bea   0x00000006   Code   RO          729    i.HAL_PCD_DeActivateRemoteWakeup  stm32f1xx_hal_pcd.o
    0x08000bf0   0x08000bf0   0x0000004c   Code   RO          735    i.HAL_PCD_EP_Close  stm32f1xx_hal_pcd.o
    0x08000c3c   0x08000c3c   0x0000005c   Code   RO          736    i.HAL_PCD_EP_ClrStall  stm32f1xx_hal_pcd.o
    0x08000c98   0x08000c98   0x000000e6   Code   RO          737    i.HAL_PCD_EP_DB_Receive  stm32f1xx_hal_pcd.o
    0x08000d7e   0x08000d7e   0x00000338   Code   RO          738    i.HAL_PCD_EP_DB_Transmit  stm32f1xx_hal_pcd.o
    0x080010b6   0x080010b6   0x0000005a   Code   RO          741    i.HAL_PCD_EP_Open   stm32f1xx_hal_pcd.o
    0x08001110   0x08001110   0x0000002e   Code   RO          742    i.HAL_PCD_EP_Receive  stm32f1xx_hal_pcd.o
    0x0800113e   0x0800113e   0x00000072   Code   RO          743    i.HAL_PCD_EP_SetStall  stm32f1xx_hal_pcd.o
    0x080011b0   0x080011b0   0x00000030   Code   RO          744    i.HAL_PCD_EP_Transmit  stm32f1xx_hal_pcd.o
    0x080011e0   0x080011e0   0x00000134   Code   RO          746    i.HAL_PCD_IRQHandler  stm32f1xx_hal_pcd.o
    0x08001314   0x08001314   0x000000da   Code   RO          749    i.HAL_PCD_Init      stm32f1xx_hal_pcd.o
    0x080013ee   0x080013ee   0x00000002   PAD
    0x080013f0   0x080013f0   0x0000004c   Code   RO         3988    i.HAL_PCD_MspInit   usbd_conf.o
    0x0800143c   0x0800143c   0x00000026   Code   RO         3989    i.HAL_PCD_ResetCallback  usbd_conf.o
    0x08001462   0x08001462   0x00000008   Code   RO         3990    i.HAL_PCD_ResumeCallback  usbd_conf.o
    0x0800146a   0x0800146a   0x00000008   Code   RO         3991    i.HAL_PCD_SOFCallback  usbd_conf.o
    0x08001472   0x08001472   0x00000028   Code   RO          755    i.HAL_PCD_SetAddress  stm32f1xx_hal_pcd.o
    0x0800149a   0x0800149a   0x0000000e   Code   RO         3992    i.HAL_PCD_SetupStageCallback  usbd_conf.o
    0x080014a8   0x080014a8   0x00000032   Code   RO          757    i.HAL_PCD_Start     stm32f1xx_hal_pcd.o
    0x080014da   0x080014da   0x00000002   PAD
    0x080014dc   0x080014dc   0x00000024   Code   RO         3993    i.HAL_PCD_SuspendCallback  usbd_conf.o
    0x08001500   0x08001500   0x000000ec   Code   RO         1469    i.HAL_RCCEx_PeriphCLKConfig  stm32f1xx_hal_rcc_ex.o
    0x080015ec   0x080015ec   0x0000012c   Code   RO         1365    i.HAL_RCC_ClockConfig  stm32f1xx_hal_rcc.o
    0x08001718   0x08001718   0x00000020   Code   RO         1372    i.HAL_RCC_GetPCLK1Freq  stm32f1xx_hal_rcc.o
    0x08001738   0x08001738   0x00000020   Code   RO         1373    i.HAL_RCC_GetPCLK2Freq  stm32f1xx_hal_rcc.o
    0x08001758   0x08001758   0x0000004c   Code   RO         1374    i.HAL_RCC_GetSysClockFreq  stm32f1xx_hal_rcc.o
    0x080017a4   0x080017a4   0x00000320   Code   RO         1377    i.HAL_RCC_OscConfig  stm32f1xx_hal_rcc.o
    0x08001ac4   0x08001ac4   0x000000b2   Code   RO         2178    i.HAL_SPI_Init      stm32f1xx_hal_spi.o
    0x08001b76   0x08001b76   0x00000002   PAD
    0x08001b78   0x08001b78   0x00000074   Code   RO          440    i.HAL_SPI_MspInit   spi.o
    0x08001bec   0x08001bec   0x0000016e   Code   RO         2186    i.HAL_SPI_Transmit  stm32f1xx_hal_spi.o
    0x08001d5a   0x08001d5a   0x00000028   Code   RO         1678    i.HAL_SYSTICK_Config  stm32f1xx_hal_cortex.o
    0x08001d82   0x08001d82   0x00000002   Code   RO         3195    i.HAL_TIMEx_BreakCallback  stm32f1xx_hal_tim_ex.o
    0x08001d84   0x08001d84   0x00000002   Code   RO         3196    i.HAL_TIMEx_CommutCallback  stm32f1xx_hal_tim_ex.o
    0x08001d86   0x08001d86   0x00000002   PAD
    0x08001d88   0x08001d88   0x00000068   Code   RO         3214    i.HAL_TIMEx_MasterConfigSynchronization  stm32f1xx_hal_tim_ex.o
    0x08001df0   0x08001df0   0x00000058   Code   RO         2496    i.HAL_TIM_Base_Start_IT  stm32f1xx_hal_tim.o
    0x08001e48   0x08001e48   0x00000004   Code   RO          293    i.HAL_TIM_IC_CaptureCallback  main.o
    0x08001e4c   0x08001e4c   0x00000124   Code   RO         2527    i.HAL_TIM_IC_ConfigChannel  stm32f1xx_hal_tim.o
    0x08001f70   0x08001f70   0x0000005a   Code   RO         2530    i.HAL_TIM_IC_Init   stm32f1xx_hal_tim.o
    0x08001fca   0x08001fca   0x00000002   PAD
    0x08001fcc   0x08001fcc   0x00000064   Code   RO          482    i.HAL_TIM_IC_MspInit  tim.o
    0x08002030   0x08002030   0x000000e4   Code   RO         2535    i.HAL_TIM_IC_Start_IT  stm32f1xx_hal_tim.o
    0x08002114   0x08002114   0x00000166   Code   RO         2539    i.HAL_TIM_IRQHandler  stm32f1xx_hal_tim.o
    0x0800227a   0x0800227a   0x00000002   Code   RO         2542    i.HAL_TIM_OC_DelayElapsedCallback  stm32f1xx_hal_tim.o
    0x0800227c   0x0800227c   0x00000002   Code   RO         2569    i.HAL_TIM_PWM_PulseFinishedCallback  stm32f1xx_hal_tim.o
    0x0800227e   0x0800227e   0x00000004   Code   RO          294    i.HAL_TIM_PeriodElapsedCallback  main.o
    0x08002282   0x08002282   0x0000002a   Code   RO         2579    i.HAL_TIM_ReadCapturedValue  stm32f1xx_hal_tim.o
    0x080022ac   0x080022ac   0x00000002   Code   RO         2582    i.HAL_TIM_TriggerCallback  stm32f1xx_hal_tim.o
    0x080022ae   0x080022ae   0x00000064   Code   RO         3492    i.HAL_UART_Init     stm32f1xx_hal_uart.o
    0x08002312   0x08002312   0x00000002   PAD
    0x08002314   0x08002314   0x00000070   Code   RO          524    i.HAL_UART_MspInit  usart.o
    0x08002384   0x08002384   0x0000009a   Code   RO         3500    i.HAL_UART_Transmit  stm32f1xx_hal_uart.o
    0x0800241e   0x0800241e   0x00000002   Code   RO          573    i.HardFault_Handler  stm32f1xx_it.o
    0x08002420   0x08002420   0x00000050   Code   RO          238    i.Hcsr04Init        hc-sr04.o
    0x08002470   0x08002470   0x00000018   Code   RO          239    i.Hcsr04Read        hc-sr04.o
    0x08002488   0x08002488   0x00000028   Code   RO          240    i.Hcsr04Start       hc-sr04.o
    0x080024b0   0x080024b0   0x00000124   Code   RO          241    i.Hcsr04TimIcIsr    hc-sr04.o
    0x080025d4   0x080025d4   0x00000018   Code   RO          242    i.Hcsr04TimOverflowIsr  hc-sr04.o
    0x080025ec   0x080025ec   0x00000038   Code   RO         3894    i.IntToUnicode      usbd_desc.o
    0x08002624   0x08002624   0x000000b4   Code   RO          415    i.MX_GPIO_Init      gpio.o
    0x080026d8   0x080026d8   0x00000044   Code   RO          441    i.MX_SPI2_Init      spi.o
    0x0800271c   0x0800271c   0x0000006c   Code   RO          483    i.MX_TIM4_Init      tim.o
    0x08002788   0x08002788   0x00000038   Code   RO          525    i.MX_USART1_UART_Init  usart.o
    0x080027c0   0x080027c0   0x00000040   Code   RO         3863    i.MX_USB_DEVICE_Init  usb_device.o
    0x08002800   0x08002800   0x00000002   Code   RO          574    i.MemManage_Handler  stm32f1xx_it.o
    0x08002802   0x08002802   0x00000002   Code   RO          575    i.NMI_Handler       stm32f1xx_it.o
    0x08002804   0x08002804   0x000003ac   Code   RO          761    i.PCD_EP_ISR_Handler  stm32f1xx_hal_pcd.o
    0x08002bb0   0x08002bb0   0x00000008   Code   RO           15    i.PcdAntennaOff     rc522.o
    0x08002bb8   0x08002bb8   0x0000002c   Code   RO           16    i.PcdAntennaOn      rc522.o
    0x08002be4   0x08002be4   0x0000006a   Code   RO           17    i.PcdAnticoll       rc522.o
    0x08002c4e   0x08002c4e   0x00000116   Code   RO           18    i.PcdComMF522       rc522.o
    0x08002d64   0x08002d64   0x00000050   Code   RO           19    i.PcdRequest        rc522.o
    0x08002db4   0x08002db4   0x0000007c   Code   RO           20    i.PcdReset          rc522.o
    0x08002e30   0x08002e30   0x00000002   Code   RO          576    i.PendSV_Handler    stm32f1xx_it.o
    0x08002e32   0x08002e32   0x00000002   PAD
    0x08002e34   0x08002e34   0x00000098   Code   RO           21    i.RC522_Init        rc522.o
    0x08002ecc   0x08002ecc   0x00000024   Code   RO           22    i.RC522_ReadWriteByte  rc522.o
    0x08002ef0   0x08002ef0   0x00000050   Code   RO           23    i.ReadRawRC         rc522.o
    0x08002f40   0x08002f40   0x00000198   Code   RO           24    i.ReaderCard        rc522.o
    0x080030d8   0x080030d8   0x00000020   Code   RO         2216    i.SPI_EndRxTxTransaction  stm32f1xx_hal_spi.o
    0x080030f8   0x080030f8   0x000000b8   Code   RO         2221    i.SPI_WaitFlagStateUntilTimeout  stm32f1xx_hal_spi.o
    0x080031b0   0x080031b0   0x00000002   Code   RO          577    i.SVC_Handler       stm32f1xx_it.o
    0x080031b2   0x080031b2   0x00000002   PAD
    0x080031b4   0x080031b4   0x00000044   Code   RO          295    i.SendHIDReport     main.o
    0x080031f8   0x080031f8   0x0000003c   Code   RO          296    i.SendMultipleKeys  main.o
    0x08003234   0x08003234   0x0000001a   Code   RO           25    i.SetBitMask        rc522.o
    0x0800324e   0x0800324e   0x00000004   Code   RO          578    i.SysTick_Handler   stm32f1xx_it.o
    0x08003252   0x08003252   0x00000076   Code   RO          297    i.SystemClock_Config  main.o
    0x080032c8   0x080032c8   0x00000002   Code   RO         3826    i.SystemInit        system_stm32f1xx.o
    0x080032ca   0x080032ca   0x00000002   PAD
    0x080032cc   0x080032cc   0x0000000c   Code   RO          579    i.TIM4_IRQHandler   stm32f1xx_it.o
    0x080032d8   0x080032d8   0x0000006c   Code   RO         2584    i.TIM_Base_SetConfig  stm32f1xx_hal_tim.o
    0x08003344   0x08003344   0x0000001a   Code   RO         2585    i.TIM_CCxChannelCmd  stm32f1xx_hal_tim.o
    0x0800335e   0x0800335e   0x00000002   PAD
    0x08003360   0x08003360   0x00000058   Code   RO         2603    i.TIM_TI1_SetConfig  stm32f1xx_hal_tim.o
    0x080033b8   0x080033b8   0x00000036   Code   RO         2605    i.TIM_TI2_SetConfig  stm32f1xx_hal_tim.o
    0x080033ee   0x080033ee   0x00000002   PAD
    0x080033f0   0x080033f0   0x000000b8   Code   RO         3518    i.UART_SetConfig    stm32f1xx_hal_uart.o
    0x080034a8   0x080034a8   0x00000078   Code   RO         3521    i.UART_WaitOnFlagUntilTimeout  stm32f1xx_hal_uart.o
    0x08003520   0x08003520   0x0000000e   Code   RO         4198    i.USBD_ClrClassConfig  usbd_core.o
    0x0800352e   0x0800352e   0x00000010   Code   RO         4401    i.USBD_CtlContinueRx  usbd_ioreq.o
    0x0800353e   0x0800353e   0x00000010   Code   RO         4402    i.USBD_CtlContinueSendData  usbd_ioreq.o
    0x0800354e   0x0800354e   0x00000016   Code   RO         4336    i.USBD_CtlError     usbd_ctlreq.o
    0x08003564   0x08003564   0x00000016   Code   RO         4404    i.USBD_CtlReceiveStatus  usbd_ioreq.o
    0x0800357a   0x0800357a   0x0000001a   Code   RO         4405    i.USBD_CtlSendData  usbd_ioreq.o
    0x08003594   0x08003594   0x00000016   Code   RO         4406    i.USBD_CtlSendStatus  usbd_ioreq.o
    0x080035aa   0x080035aa   0x00000002   PAD
    0x080035ac   0x080035ac   0x00000020   Code   RO         3895    i.USBD_FS_ConfigStrDescriptor  usbd_desc.o
    0x080035cc   0x080035cc   0x0000000c   Code   RO         3896    i.USBD_FS_DeviceDescriptor  usbd_desc.o
    0x080035d8   0x080035d8   0x00000024   Code   RO         3897    i.USBD_FS_InterfaceStrDescriptor  usbd_desc.o
    0x080035fc   0x080035fc   0x0000000c   Code   RO         3898    i.USBD_FS_LangIDStrDescriptor  usbd_desc.o
    0x08003608   0x08003608   0x00000028   Code   RO         3899    i.USBD_FS_ManufacturerStrDescriptor  usbd_desc.o
    0x08003630   0x08003630   0x0000002c   Code   RO         3900    i.USBD_FS_ProductStrDescriptor  usbd_desc.o
    0x0800365c   0x0800365c   0x00000028   Code   RO         3901    i.USBD_FS_SerialStrDescriptor  usbd_desc.o
    0x08003684   0x08003684   0x000000e8   Code   RO         4337    i.USBD_GetDescriptor  usbd_ctlreq.o
    0x0800376c   0x0800376c   0x00000048   Code   RO         4338    i.USBD_GetString    usbd_ctlreq.o
    0x080037b4   0x080037b4   0x00000018   Code   RO         3994    i.USBD_Get_USB_Status  usbd_conf.o
    0x080037cc   0x080037cc   0x0000000c   Code   RO         4461    i.USBD_HID_DataIn   usbd_hid.o
    0x080037d8   0x080037d8   0x00000020   Code   RO         4462    i.USBD_HID_DeInit   usbd_hid.o
    0x080037f8   0x080037f8   0x0000000c   Code   RO         4463    i.USBD_HID_GetDeviceQualifierDesc  usbd_hid.o
    0x08003804   0x08003804   0x0000000c   Code   RO         4464    i.USBD_HID_GetFSCfgDesc  usbd_hid.o
    0x08003810   0x08003810   0x0000000c   Code   RO         4465    i.USBD_HID_GetHSCfgDesc  usbd_hid.o
    0x0800381c   0x0800381c   0x0000000c   Code   RO         4466    i.USBD_HID_GetOtherSpeedCfgDesc  usbd_hid.o
    0x08003828   0x08003828   0x0000002a   Code   RO         4468    i.USBD_HID_Init     usbd_hid.o
    0x08003852   0x08003852   0x00000024   Code   RO         4469    i.USBD_HID_SendReport  usbd_hid.o
    0x08003876   0x08003876   0x00000002   PAD
    0x08003878   0x08003878   0x000000c8   Code   RO         4470    i.USBD_HID_Setup    usbd_hid.o
    0x08003940   0x08003940   0x0000002a   Code   RO         4200    i.USBD_Init         usbd_core.o
    0x0800396a   0x0800396a   0x00000012   Code   RO         3995    i.USBD_LL_ClearStallEP  usbd_conf.o
    0x0800397c   0x0800397c   0x00000012   Code   RO         3996    i.USBD_LL_CloseEP   usbd_conf.o
    0x0800398e   0x0800398e   0x000000c6   Code   RO         4201    i.USBD_LL_DataInStage  usbd_core.o
    0x08003a54   0x08003a54   0x00000082   Code   RO         4202    i.USBD_LL_DataOutStage  usbd_core.o
    0x08003ad6   0x08003ad6   0x00000002   PAD
    0x08003ad8   0x08003ad8   0x00000068   Code   RO         4001    i.USBD_LL_Init      usbd_conf.o
    0x08003b40   0x08003b40   0x00000020   Code   RO         4002    i.USBD_LL_IsStallEP  usbd_conf.o
    0x08003b60   0x08003b60   0x00000018   Code   RO         4003    i.USBD_LL_OpenEP    usbd_conf.o
    0x08003b78   0x08003b78   0x00000012   Code   RO         4004    i.USBD_LL_PrepareReceive  usbd_conf.o
    0x08003b8a   0x08003b8a   0x00000028   Code   RO         4005    i.USBD_LL_RemoteWakeup  usbd_conf.o
    0x08003bb2   0x08003bb2   0x00000050   Code   RO         4207    i.USBD_LL_Reset     usbd_core.o
    0x08003c02   0x08003c02   0x00000014   Code   RO         4208    i.USBD_LL_Resume    usbd_core.o
    0x08003c16   0x08003c16   0x00000018   Code   RO         4209    i.USBD_LL_SOF       usbd_core.o
    0x08003c2e   0x08003c2e   0x00000006   Code   RO         4210    i.USBD_LL_SetSpeed  usbd_core.o
    0x08003c34   0x08003c34   0x00000012   Code   RO         4006    i.USBD_LL_SetUSBAddress  usbd_conf.o
    0x08003c46   0x08003c46   0x0000005a   Code   RO         4211    i.USBD_LL_SetupStage  usbd_core.o
    0x08003ca0   0x08003ca0   0x00000012   Code   RO         4007    i.USBD_LL_StallEP   usbd_conf.o
    0x08003cb2   0x08003cb2   0x00000012   Code   RO         4008    i.USBD_LL_Start     usbd_conf.o
    0x08003cc4   0x08003cc4   0x00000012   Code   RO         4212    i.USBD_LL_Suspend   usbd_core.o
    0x08003cd6   0x08003cd6   0x00000012   Code   RO         4010    i.USBD_LL_Transmit  usbd_conf.o
    0x08003ce8   0x08003ce8   0x00000028   Code   RO         4339    i.USBD_ParseSetupRequest  usbd_ctlreq.o
    0x08003d10   0x08003d10   0x00000010   Code   RO         4213    i.USBD_RegisterClass  usbd_core.o
    0x08003d20   0x08003d20   0x00000016   Code   RO         4215    i.USBD_SetClassConfig  usbd_core.o
    0x08003d36   0x08003d36   0x00000002   PAD
    0x08003d38   0x08003d38   0x00000084   Code   RO         4340    i.USBD_SetConfig    usbd_ctlreq.o
    0x08003dbc   0x08003dbc   0x0000000a   Code   RO         4216    i.USBD_Start        usbd_core.o
    0x08003dc6   0x08003dc6   0x00000112   Code   RO         4341    i.USBD_StdDevReq    usbd_ctlreq.o
    0x08003ed8   0x08003ed8   0x00000150   Code   RO         4342    i.USBD_StdEPReq     usbd_ctlreq.o
    0x08004028   0x08004028   0x0000004e   Code   RO         4343    i.USBD_StdItfReq    usbd_ctlreq.o
    0x08004076   0x08004076   0x00000002   Code   RO         4011    i.USBD_static_free  usbd_conf.o
    0x08004078   0x08004078   0x00000008   Code   RO         4012    i.USBD_static_malloc  usbd_conf.o
    0x08004080   0x08004080   0x0000029c   Code   RO         1004    i.USB_ActivateEndpoint  stm32f1xx_ll_usb.o
    0x0800431c   0x0800431c   0x0000000e   Code   RO         1005    i.USB_ActivateRemoteWakeup  stm32f1xx_ll_usb.o
    0x0800432a   0x0800432a   0x00000004   Code   RO         1007    i.USB_CoreInit      stm32f1xx_ll_usb.o
    0x0800432e   0x0800432e   0x0000000e   Code   RO         1008    i.USB_DeActivateRemoteWakeup  stm32f1xx_ll_usb.o
    0x0800433c   0x0800433c   0x0000010e   Code   RO         1009    i.USB_DeactivateEndpoint  stm32f1xx_ll_usb.o
    0x0800444a   0x0800444a   0x00000004   Code   RO         1010    i.USB_DevConnect    stm32f1xx_ll_usb.o
    0x0800444e   0x0800444e   0x00000004   Code   RO         1011    i.USB_DevDisconnect  stm32f1xx_ll_usb.o
    0x08004452   0x08004452   0x00000012   Code   RO         1012    i.USB_DevInit       stm32f1xx_ll_usb.o
    0x08004464   0x08004464   0x0000000e   Code   RO         1013    i.USB_DisableGlobalInt  stm32f1xx_ll_usb.o
    0x08004472   0x08004472   0x00000004   Code   RO         1014    i.USB_EP0_OutStart  stm32f1xx_ll_usb.o
    0x08004476   0x08004476   0x00000078   Code   RO         1015    i.USB_EPClearStall  stm32f1xx_ll_usb.o
    0x080044ee   0x080044ee   0x00000032   Code   RO         1016    i.USB_EPSetStall    stm32f1xx_ll_usb.o
    0x08004520   0x08004520   0x000004e2   Code   RO         1017    i.USB_EPStartXfer   stm32f1xx_ll_usb.o
    0x08004a02   0x08004a02   0x00000012   Code   RO         1019    i.USB_EnableGlobalInt  stm32f1xx_ll_usb.o
    0x08004a14   0x08004a14   0x0000000c   Code   RO          580    i.USB_HP_CAN1_TX_IRQHandler  stm32f1xx_it.o
    0x08004a20   0x08004a20   0x0000000c   Code   RO          581    i.USB_LP_CAN1_RX0_IRQHandler  stm32f1xx_it.o
    0x08004a2c   0x08004a2c   0x00000006   Code   RO         1026    i.USB_ReadInterrupts  stm32f1xx_ll_usb.o
    0x08004a32   0x08004a32   0x00000002   PAD
    0x08004a34   0x08004a34   0x0000002c   Code   RO         1027    i.USB_ReadPMA       stm32f1xx_ll_usb.o
    0x08004a60   0x08004a60   0x00000004   Code   RO         1028    i.USB_SetCurrentMode  stm32f1xx_ll_usb.o
    0x08004a64   0x08004a64   0x0000000c   Code   RO         1029    i.USB_SetDevAddress  stm32f1xx_ll_usb.o
    0x08004a70   0x08004a70   0x00000026   Code   RO         1031    i.USB_WritePMA      stm32f1xx_ll_usb.o
    0x08004a96   0x08004a96   0x00000002   Code   RO          582    i.UsageFault_Handler  stm32f1xx_it.o
    0x08004a98   0x08004a98   0x0000004c   Code   RO          298    i.WakeUP            main.o
    0x08004ae4   0x08004ae4   0x0000004c   Code   RO           26    i.WriteRawRC        rc522.o
    0x08004b30   0x08004b30   0x00000020   Code   RO         4779    i.__0printf         mc_w.l(printfa.o)
    0x08004b50   0x08004b50   0x00000020   Code   RO         1680    i.__NVIC_SetPriority  stm32f1xx_hal_cortex.o
    0x08004b70   0x08004b70   0x0000000e   Code   RO         4857    i.__scatterload_copy  mc_w.l(handlers.o)
    0x08004b7e   0x08004b7e   0x00000002   Code   RO         4858    i.__scatterload_null  mc_w.l(handlers.o)
    0x08004b80   0x08004b80   0x0000000e   Code   RO         4859    i.__scatterload_zeroinit  mc_w.l(handlers.o)
    0x08004b8e   0x08004b8e   0x00000002   PAD
    0x08004b90   0x08004b90   0x00000184   Code   RO         4786    i._fp_digits        mc_w.l(printfa.o)
    0x08004d14   0x08004d14   0x000006dc   Code   RO         4787    i._printf_core      mc_w.l(printfa.o)
    0x080053f0   0x080053f0   0x00000024   Code   RO         4788    i._printf_post_padding  mc_w.l(printfa.o)
    0x08005414   0x08005414   0x0000002e   Code   RO         4789    i._printf_pre_padding  mc_w.l(printfa.o)
    0x08005442   0x08005442   0x00000012   Code   RO           27    i.delay_ns          rc522.o
    0x08005454   0x08005454   0x00000018   Code   RO          526    i.fputc             usart.o
    0x0800546c   0x0800546c   0x00000008   Code   RO          299    i.lock              main.o
    0x08005474   0x08005474   0x0000015c   Code   RO          300    i.main              main.o
    0x080055d0   0x080055d0   0x00000040   Code   RO          301    i.password          main.o
    0x08005610   0x08005610   0x00000012   Data   RO         1378    .constdata          stm32f1xx_hal_rcc.o
    0x08005622   0x08005622   0x00000010   Data   RO         3827    .constdata          system_stm32f1xx.o
    0x08005632   0x08005632   0x00000008   Data   RO         3828    .constdata          system_stm32f1xx.o
    0x0800563a   0x0800563a   0x00000002   PAD
    0x0800563c   0x0800563c   0x00000020   Data   RO         4855    Region$$Table       anon$$obj.o


    Execution Region RW_IRAM1 (Exec base: 0x20000000, Load base: 0x0800565c, Size: 0x00000e80, Max: 0x00005000, ABSOLUTE, COMPRESSED[0x000000dc])

    Exec Addr    Load Addr    Size         Type   Attr      Idx    E Section Name        Object

    0x20000000   COMPRESSED   0x0000000d   Data   RW           30    .data               rc522.o
    0x2000000d   COMPRESSED   0x00000003   PAD
    0x20000010   COMPRESSED   0x0000001c   Data   RW          302    .data               main.o
    0x2000002c   COMPRESSED   0x0000000c   Data   RW         1215    .data               stm32f1xx_hal.o
    0x20000038   COMPRESSED   0x00000004   Data   RW         3829    .data               system_stm32f1xx.o
    0x2000003c   COMPRESSED   0x0000001c   Data   RW         3903    .data               usbd_desc.o
    0x20000058   COMPRESSED   0x00000032   Data   RW         3904    .data               usbd_desc.o
    0x2000008a   COMPRESSED   0x00000001   Data   RW         4344    .data               usbd_ctlreq.o
    0x2000008b   COMPRESSED   0x00000001   PAD
    0x2000008c   COMPRESSED   0x00000038   Data   RW         4471    .data               usbd_hid.o
    0x200000c4   COMPRESSED   0x000000db   Data   RW         4472    .data               usbd_hid.o
    0x2000019f   COMPRESSED   0x00000001   PAD
    0x200001a0   COMPRESSED   0x00000004   Data   RW         4833    .data               mc_w.l(stdout.o)
    0x200001a4        -       0x00000028   Zero   RW          243    .bss                hc-sr04.o
    0x200001cc        -       0x00000058   Zero   RW          442    .bss                spi.o
    0x20000224        -       0x00000048   Zero   RW          484    .bss                tim.o
    0x2000026c        -       0x00000048   Zero   RW          527    .bss                usart.o
    0x200002b4        -       0x000002c4   Zero   RW         3864    .bss                usb_device.o
    0x20000578        -       0x00000200   Zero   RW         3902    .bss                usbd_desc.o
    0x20000778        -       0x00000304   Zero   RW         4013    .bss                usbd_conf.o
    0x20000a7c   COMPRESSED   0x00000004   PAD
    0x20000a80        -       0x00000400   Zero   RW            1    STACK               startup_stm32f103xb.o


==============================================================================

Image component sizes


      Code (inc. data)   RO Data    RW Data    ZI Data      Debug   Object Name

       180         14          0          0          0        943   gpio.o
       460         42          0          0         40       3761   hc-sr04.o
       754        184          0         28          0      10710   main.o
      1460        236          0         13          0     456797   rc522.o
       184         22          0          0         88       1653   spi.o
        36          8        236          0       1024        804   startup_stm32f103xb.o
       164         28          0         12          0       5901   stm32f1xx_hal.o
       198         14          0          0          0      28935   stm32f1xx_hal_cortex.o
       490         34          0          0          0       2892   stm32f1xx_hal_gpio.o
        60          8          0          0          0        874   stm32f1xx_hal_msp.o
      3088          0          0          0          0      14853   stm32f1xx_hal_pcd.o
        60          0          0          0          0       1174   stm32f1xx_hal_pcd_ex.o
      1240         84         18          0          0       5112   stm32f1xx_hal_rcc.o
       236         12          0          0          0       1380   stm32f1xx_hal_rcc_ex.o
       760          4          0          0          0       4378   stm32f1xx_hal_spi.o
      1380         50          0          0          0      11023   stm32f1xx_hal_tim.o
       108         12          0          0          0       2401   stm32f1xx_hal_tim_ex.o
       558          6          0          0          0       3972   stm32f1xx_hal_uart.o
        56         18          0          0          0       5201   stm32f1xx_it.o
      2556          0          0          0          0      17255   stm32f1xx_ll_usb.o
         2          0         24          4          0       1119   system_stm32f1xx.o
       208         20          0          0         72       1724   tim.o
       192         24          0          0         72       2210   usart.o
        64         12          0          0        708        780   usb_device.o
       580         30          0          0        772      14232   usbd_conf.o
       670          0          0          0          0       9463   usbd_core.o
      1186         28          0          1          0       7916   usbd_ctlreq.o
       272        100          0         78        512       5933   usbd_desc.o
       370         20          0        275          0       7785   usbd_hid.o
       102          0          0          0          0       3652   usbd_ioreq.o

    ----------------------------------------------------------------------
     17710       1010        312        416       3292     634833   Object Totals
         0          0         32          0          0          0   (incl. Generated)
        36          0          2          5          4          0   (incl. Padding)

    ----------------------------------------------------------------------

      Code (inc. data)   RO Data    RW Data    ZI Data      Debug   Library Member Name

        86          0          0          0          0          0   __dczerorl2.o
         0          0          0          0          0          0   entry.o
         0          0          0          0          0          0   entry10a.o
         0          0          0          0          0          0   entry11a.o
         8          4          0          0          0          0   entry2.o
         4          0          0          0          0          0   entry5.o
         0          0          0          0          0          0   entry7b.o
         0          0          0          0          0          0   entry8b.o
         8          4          0          0          0          0   entry9a.o
        30          0          0          0          0          0   handlers.o
        36          8          0          0          0         68   init.o
         0          0          0          0          0          0   iusefp.o
        30          0          0          0          0         68   llshl.o
        36          0          0          0          0         68   llsshr.o
        32          0          0          0          0         68   llushr.o
        36          0          0          0          0         68   memcpya.o
        36          0          0          0          0        108   memseta.o
      2258         90          0          0          0        452   printfa.o
         0          0          0          4          0          0   stdout.o
        44          0          0          0          0         80   uidiv.o
        98          0          0          0          0         92   uldiv.o
        48          0          0          0          0         68   cdrcmple.o
        56          0          0          0          0         88   d2f.o
       334          0          0          0          0        148   dadd.o
       222          0          0          0          0        100   ddiv.o
       186          0          0          0          0        176   depilogue.o
        48          0          0          0          0         68   dfixul.o
        26          0          0          0          0         76   dfltui.o
       228          0          0          0          0         96   dmul.o
        46          0          0          0          0         80   dscalb.o
        38          0          0          0          0         68   f2d.o
       110          0          0          0          0        168   fepilogue.o

    ----------------------------------------------------------------------
      4086        106          0          4          0       2208   Library Totals
         2          0          0          0          0          0   (incl. Padding)

    ----------------------------------------------------------------------

      Code (inc. data)   RO Data    RW Data    ZI Data      Debug   Library Name

      2742        106          0          4          0       1072   mc_w.l
      1342          0          0          0          0       1136   mf_w.l

    ----------------------------------------------------------------------
      4086        106          0          4          0       2208   Library Totals

    ----------------------------------------------------------------------

==============================================================================


      Code (inc. data)   RO Data    RW Data    ZI Data      Debug   

     21796       1116        312        420       3292     626197   Grand Totals
     21796       1116        312        220       3292     626197   ELF Image Totals (compressed)
     21796       1116        312        220          0          0   ROM Totals

==============================================================================

    Total RO  Size (Code + RO Data)                22108 (  21.59kB)
    Total RW  Size (RW Data + ZI Data)              3712 (   3.63kB)
    Total ROM Size (Code + RO Data + RW Data)      22328 (  21.80kB)

==============================================================================

